Archive member included to satisfy reference by file (symbol)

D:/ST/STM32CubeIDE_1.13.2/STM32CubeIDE/plugins/com.st.stm32cube.ide.mcu.externaltools.gnu-tools-for-stm32.11.3.rel1.win32_1.1.100.202309141235/tools/bin/../lib/gcc/arm-none-eabi/11.3.1/../../../../arm-none-eabi/lib/thumb/v7-m/nofp\libc_nano.a(libc_a-assert.o)
                              ./Drivers/freemodbus-port-hal-stm32f1xx-master/Src/mbrtu.o (__assert_func)
D:/ST/STM32CubeIDE_1.13.2/STM32CubeIDE/plugins/com.st.stm32cube.ide.mcu.externaltools.gnu-tools-for-stm32.11.3.rel1.win32_1.1.100.202309141235/tools/bin/../lib/gcc/arm-none-eabi/11.3.1/../../../../arm-none-eabi/lib/thumb/v7-m/nofp\libc_nano.a(libc_a-exit.o)
                              D:/ST/STM32CubeIDE_1.13.2/STM32CubeIDE/plugins/com.st.stm32cube.ide.mcu.externaltools.gnu-tools-for-stm32.11.3.rel1.win32_1.1.100.202309141235/tools/bin/../lib/gcc/arm-none-eabi/11.3.1/../../../../arm-none-eabi/lib/thumb/v7-m/nofp/crt0.o (exit)
D:/ST/STM32CubeIDE_1.13.2/STM32CubeIDE/plugins/com.st.stm32cube.ide.mcu.externaltools.gnu-tools-for-stm32.11.3.rel1.win32_1.1.100.202309141235/tools/bin/../lib/gcc/arm-none-eabi/11.3.1/../../../../arm-none-eabi/lib/thumb/v7-m/nofp\libc_nano.a(libc_a-findfp.o)
                              D:/ST/STM32CubeIDE_1.13.2/STM32CubeIDE/plugins/com.st.stm32cube.ide.mcu.externaltools.gnu-tools-for-stm32.11.3.rel1.win32_1.1.100.202309141235/tools/bin/../lib/gcc/arm-none-eabi/11.3.1/../../../../arm-none-eabi/lib/thumb/v7-m/nofp\libc_nano.a(libc_a-exit.o) (__stdio_exit_handler)
D:/ST/STM32CubeIDE_1.13.2/STM32CubeIDE/plugins/com.st.stm32cube.ide.mcu.externaltools.gnu-tools-for-stm32.11.3.rel1.win32_1.1.100.202309141235/tools/bin/../lib/gcc/arm-none-eabi/11.3.1/../../../../arm-none-eabi/lib/thumb/v7-m/nofp\libc_nano.a(libc_a-fprintf.o)
                              D:/ST/STM32CubeIDE_1.13.2/STM32CubeIDE/plugins/com.st.stm32cube.ide.mcu.externaltools.gnu-tools-for-stm32.11.3.rel1.win32_1.1.100.202309141235/tools/bin/../lib/gcc/arm-none-eabi/11.3.1/../../../../arm-none-eabi/lib/thumb/v7-m/nofp\libc_nano.a(libc_a-assert.o) (fiprintf)
D:/ST/STM32CubeIDE_1.13.2/STM32CubeIDE/plugins/com.st.stm32cube.ide.mcu.externaltools.gnu-tools-for-stm32.11.3.rel1.win32_1.1.100.202309141235/tools/bin/../lib/gcc/arm-none-eabi/11.3.1/../../../../arm-none-eabi/lib/thumb/v7-m/nofp\libc_nano.a(libc_a-fwalk.o)
                              D:/ST/STM32CubeIDE_1.13.2/STM32CubeIDE/plugins/com.st.stm32cube.ide.mcu.externaltools.gnu-tools-for-stm32.11.3.rel1.win32_1.1.100.202309141235/tools/bin/../lib/gcc/arm-none-eabi/11.3.1/../../../../arm-none-eabi/lib/thumb/v7-m/nofp\libc_nano.a(libc_a-findfp.o) (_fwalk_sglue)
D:/ST/STM32CubeIDE_1.13.2/STM32CubeIDE/plugins/com.st.stm32cube.ide.mcu.externaltools.gnu-tools-for-stm32.11.3.rel1.win32_1.1.100.202309141235/tools/bin/../lib/gcc/arm-none-eabi/11.3.1/../../../../arm-none-eabi/lib/thumb/v7-m/nofp\libc_nano.a(libc_a-stdio.o)
                              D:/ST/STM32CubeIDE_1.13.2/STM32CubeIDE/plugins/com.st.stm32cube.ide.mcu.externaltools.gnu-tools-for-stm32.11.3.rel1.win32_1.1.100.202309141235/tools/bin/../lib/gcc/arm-none-eabi/11.3.1/../../../../arm-none-eabi/lib/thumb/v7-m/nofp\libc_nano.a(libc_a-findfp.o) (__sread)
D:/ST/STM32CubeIDE_1.13.2/STM32CubeIDE/plugins/com.st.stm32cube.ide.mcu.externaltools.gnu-tools-for-stm32.11.3.rel1.win32_1.1.100.202309141235/tools/bin/../lib/gcc/arm-none-eabi/11.3.1/../../../../arm-none-eabi/lib/thumb/v7-m/nofp\libc_nano.a(libc_a-memset.o)
                              D:/ST/STM32CubeIDE_1.13.2/STM32CubeIDE/plugins/com.st.stm32cube.ide.mcu.externaltools.gnu-tools-for-stm32.11.3.rel1.win32_1.1.100.202309141235/tools/bin/../lib/gcc/arm-none-eabi/11.3.1/../../../../arm-none-eabi/lib/thumb/v7-m/nofp/crt0.o (memset)
D:/ST/STM32CubeIDE_1.13.2/STM32CubeIDE/plugins/com.st.stm32cube.ide.mcu.externaltools.gnu-tools-for-stm32.11.3.rel1.win32_1.1.100.202309141235/tools/bin/../lib/gcc/arm-none-eabi/11.3.1/../../../../arm-none-eabi/lib/thumb/v7-m/nofp\libc_nano.a(libc_a-closer.o)
                              D:/ST/STM32CubeIDE_1.13.2/STM32CubeIDE/plugins/com.st.stm32cube.ide.mcu.externaltools.gnu-tools-for-stm32.11.3.rel1.win32_1.1.100.202309141235/tools/bin/../lib/gcc/arm-none-eabi/11.3.1/../../../../arm-none-eabi/lib/thumb/v7-m/nofp\libc_nano.a(libc_a-stdio.o) (_close_r)
D:/ST/STM32CubeIDE_1.13.2/STM32CubeIDE/plugins/com.st.stm32cube.ide.mcu.externaltools.gnu-tools-for-stm32.11.3.rel1.win32_1.1.100.202309141235/tools/bin/../lib/gcc/arm-none-eabi/11.3.1/../../../../arm-none-eabi/lib/thumb/v7-m/nofp\libc_nano.a(libc_a-reent.o)
                              D:/ST/STM32CubeIDE_1.13.2/STM32CubeIDE/plugins/com.st.stm32cube.ide.mcu.externaltools.gnu-tools-for-stm32.11.3.rel1.win32_1.1.100.202309141235/tools/bin/../lib/gcc/arm-none-eabi/11.3.1/../../../../arm-none-eabi/lib/thumb/v7-m/nofp\libc_nano.a(libc_a-closer.o) (errno)
[...]
Memory Configuration

Name             Origin             Length             Attributes
RAM              0x0000000020000000 0x0000000000005000 xrw
FLASH            0x0000000008000000 0x0000000000010000 xr
*default*        0x0000000000000000 0xffffffffffffffff

Linker script and memory map

LOAD D:/ST/STM32CubeIDE_1.13.2/STM32CubeIDE/plugins/com.st.stm32cube.ide.mcu.externaltools.gnu-tools-for-stm32.11.3.rel1.win32_1.1.100.202309141235/tools/bin/../lib/gcc/arm-none-eabi/11.3.1/thumb/v7-m/nofp/crti.o
LOAD D:/ST/STM32CubeIDE_1.13.2/STM32CubeIDE/plugins/com.st.stm32cube.ide.mcu.externaltools.gnu-tools-for-stm32.11.3.rel1.win32_1.1.100.202309141235/tools/bin/../lib/gcc/arm-none-eabi/11.3.1/thumb/v7-m/nofp/crtbegin.o
LOAD D:/ST/STM32CubeIDE_1.13.2/STM32CubeIDE/plugins/com.st.stm32cube.ide.mcu.externaltools.gnu-tools-for-stm32.11.3.rel1.win32_1.1.100.202309141235/tools/bin/../lib/gcc/arm-none-eabi/11.3.1/../../../../arm-none-eabi/lib/thumb/v7-m/nofp/crt0.o
LOAD ./Core/Src/hx711.o
LOAD ./Core/Src/main.o
LOAD ./Core/Src/stm32f1xx_hal_msp.o
LOAD ./Core/Src/stm32f1xx_it.o
LOAD ./Core/Src/syscalls.o
LOAD ./Core/Src/sysmem.o
LOAD ./Core/Src/system_stm32f1xx.o
LOAD ./Core/Startup/startup_stm32f103c8tx.o
LOAD ./Drivers/STM32F1xx_HAL_Driver/Src/stm32f1xx_hal.o
LOAD ./Drivers/STM32F1xx_HAL_Driver/Src/stm32f1xx_hal_cortex.o
LOAD ./Drivers/STM32F1xx_HAL_Driver/Src/stm32f1xx_hal_dma.o
LOAD ./Drivers/STM32F1xx_HAL_Driver/Src/stm32f1xx_hal_exti.o
LOAD ./Drivers/STM32F1xx_HAL_Driver/Src/stm32f1xx_hal_flash.o
LOAD ./Drivers/STM32F1xx_HAL_Driver/Src/stm32f1xx_hal_flash_ex.o
LOAD ./Drivers/STM32F1xx_HAL_Driver/Src/stm32f1xx_hal_gpio.o
LOAD ./Drivers/STM32F1xx_HAL_Driver/Src/stm32f1xx_hal_gpio_ex.o
LOAD ./Drivers/STM32F1xx_HAL_Driver/Src/stm32f1xx_hal_pwr.o
LOAD ./Drivers/STM32F1xx_HAL_Driver/Src/stm32f1xx_hal_rcc.o
LOAD ./Drivers/STM32F1xx_HAL_Driver/Src/stm32f1xx_hal_rcc_ex.o
LOAD ./Drivers/STM32F1xx_HAL_Driver/Src/stm32f1xx_hal_tim.o
LOAD ./Drivers/STM32F1xx_HAL_Driver/Src/stm32f1xx_hal_tim_ex.o
LOAD ./Drivers/STM32F1xx_HAL_Driver/Src/stm32f1xx_hal_uart.o
LOAD ./Drivers/freemodbus-port-hal-stm32f1xx-master/Src/mb.o
LOAD ./Drivers/freemodbus-port-hal-stm32f1xx-master/Src/mbcrc.o
LOAD ./Drivers/freemodbus-port-hal-stm32f1xx-master/Src/mbfunccoils.o
LOAD ./Drivers/freemodbus-port-hal-stm32f1xx-master/Src/mbfuncdiag.o
LOAD ./Drivers/freemodbus-port-hal-stm32f1xx-master/Src/mbfuncdisc.o
LOAD ./Drivers/freemodbus-port-hal-stm32f1xx-master/Src/mbfuncholding.o
LOAD ./Drivers/freemodbus-port-hal-stm32f1xx-master/Src/mbfuncinput.o
LOAD ./Drivers/freemodbus-port-hal-stm32f1xx-master/Src/mbfuncother.o
LOAD ./Drivers/freemodbus-port-hal-stm32f1xx-master/Src/mbrtu.o
LOAD ./Drivers/freemodbus-port-hal-stm32f1xx-master/Src/mbtcp.o
LOAD ./Drivers/freemodbus-port-hal-stm32f1xx-master/Src/mbutils.o
LOAD ./Drivers/freemodbus-port-hal-stm32f1xx-master/Src/port.o
LOAD ./Drivers/freemodbus-port-hal-stm32f1xx-master/Src/portevent.o
LOAD ./Drivers/freemodbus-port-hal-stm32f1xx-master/Src/portserial.o
LOAD ./Drivers/freemodbus-port-hal-stm32f1xx-master/Src/porttimer.o
START GROUP
LOAD D:/ST/STM32CubeIDE_1.13.2/STM32CubeIDE/plugins/com.st.stm32cube.ide.mcu.externaltools.gnu-tools-for-stm32.11.3.rel1.win32_1.1.100.202309141235/tools/bin/../lib/gcc/arm-none-eabi/11.3.1/../../../../arm-none-eabi/lib/thumb/v7-m/nofp\libc_nano.a
LOAD D:/ST/STM32CubeIDE_1.13.2/STM32CubeIDE/plugins/com.st.stm32cube.ide.mcu.externaltools.gnu-tools-for-stm32.11.3.rel1.win32_1.1.100.202309141235/tools/bin/../lib/gcc/arm-none-eabi/11.3.1/../../../../arm-none-eabi/lib/thumb/v7-m/nofp\libm.a
END GROUP
START GROUP
LOAD D:/ST/STM32CubeIDE_1.13.2/STM32CubeIDE/plugins/com.st.stm32cube.ide.mcu.externaltools.gnu-tools-for-stm32.11.3.rel1.win32_1.1.100.202309141235/tools/bin/../lib/gcc/arm-none-eabi/11.3.1/thumb/v7-m/nofp\libgcc.a
LOAD D:/ST/STM32CubeIDE_1.13.2/STM32CubeIDE/plugins/com.st.stm32cube.ide.mcu.externaltools.gnu-tools-for-stm32.11.3.rel1.win32_1.1.100.202309141235/tools/bin/../lib/gcc/arm-none-eabi/11.3.1/../../../../arm-none-eabi/lib/thumb/v7-m/nofp\libc_nano.a
END GROUP
START GROUP
LOAD D:/ST/STM32CubeIDE_1.13.2/STM32CubeIDE/plugins/com.st.stm32cube.ide.mcu.externaltools.gnu-tools-for-stm32.11.3.rel1.win32_1.1.100.202309141235/tools/bin/../lib/gcc/arm-none-eabi/11.3.1/thumb/v7-m/nofp\libgcc.a
LOAD D:/ST/STM32CubeIDE_1.13.2/STM32CubeIDE/plugins/com.st.stm32cube.ide.mcu.externaltools.gnu-tools-for-stm32.11.3.rel1.win32_1.1.100.202309141235/tools/bin/../lib/gcc/arm-none-eabi/11.3.1/../../../../arm-none-eabi/lib/thumb/v7-m/nofp\libc_nano.a
LOAD D:/ST/STM32CubeIDE_1.13.2/STM32CubeIDE/plugins/com.st.stm32cube.ide.mcu.externaltools.gnu-tools-for-stm32.11.3.rel1.win32_1.1.100.202309141235/tools/bin/../lib/gcc/arm-none-eabi/11.3.1/../../../../arm-none-eabi/lib/thumb/v7-m/nofp\libnosys.a
END GROUP
START GROUP
LOAD D:/ST/STM32CubeIDE_1.13.2/STM32CubeIDE/plugins/com.st.stm32cube.ide.mcu.externaltools.gnu-tools-for-stm32.11.3.rel1.win32_1.1.100.202309141235/tools/bin/../lib/gcc/arm-none-eabi/11.3.1/thumb/v7-m/nofp\libgcc.a
LOAD D:/ST/STM32CubeIDE_1.13.2/STM32CubeIDE/plugins/com.st.stm32cube.ide.mcu.externaltools.gnu-tools-for-stm32.11.3.rel1.win32_1.1.100.202309141235/tools/bin/../lib/gcc/arm-none-eabi/11.3.1/../../../../arm-none-eabi/lib/thumb/v7-m/nofp\libc_nano.a
LOAD D:/ST/STM32CubeIDE_1.13.2/STM32CubeIDE/plugins/com.st.stm32cube.ide.mcu.externaltools.gnu-tools-for-stm32.11.3.rel1.win32_1.1.100.202309141235/tools/bin/../lib/gcc/arm-none-eabi/11.3.1/../../../../arm-none-eabi/lib/thumb/v7-m/nofp\libnosys.a
END GROUP
LOAD D:/ST/STM32CubeIDE_1.13.2/STM32CubeIDE/plugins/com.st.stm32cube.ide.mcu.externaltools.gnu-tools-for-stm32.11.3.rel1.win32_1.1.100.202309141235/tools/bin/../lib/gcc/arm-none-eabi/11.3.1/thumb/v7-m/nofp/crtend.o
LOAD D:/ST/STM32CubeIDE_1.13.2/STM32CubeIDE/plugins/com.st.stm32cube.ide.mcu.externaltools.gnu-tools-for-stm32.11.3.rel1.win32_1.1.100.202309141235/tools/bin/../lib/gcc/arm-none-eabi/11.3.1/thumb/v7-m/nofp/crtn.o
                0x0000000020005000                _estack = (ORIGIN (RAM) + LENGTH (RAM))
                0x0000000000000200                _Min_Heap_Size = 0x200
                0x0000000000000400                _Min_Stack_Size = 0x400

.isr_vector     0x0000000008000000      0x10c
                0x0000000008000000                . = ALIGN (0x4)
 *(.isr_vector)
 .isr_vector    0x0000000008000000      0x10c ./Core/Startup/startup_stm32f103c8tx.o
                0x0000000008000000                g_pfnVectors
                0x000000000800010c                . = ALIGN (0x4)

.text           0x000000000800010c     0x4208
                0x000000000800010c                . = ALIGN (0x4)
 *(.text)
 .text          0x000000000800010c       0x40 D:/ST/STM32CubeIDE_1.13.2/STM32CubeIDE/plugins/com.st.stm32cube.ide.mcu.externaltools.gnu-tools-for-stm32.11.3.rel1.win32_1.1.100.202309141235/tools/bin/../lib/gcc/arm-none-eabi/11.3.1/thumb/v7-m/nofp/crtbegin.o
 *(.text*)
 .text.main     0x000000000800014c       0x54 ./Core/Src/main.o
                0x000000000800014c                main
 .text.SystemClock_Config
                0x00000000080001a0       0x76 ./Core/Src/main.o
                0x00000000080001a0                SystemClock_Config
 *fill*         0x0000000008000216        0x2 
 .text.MX_TIM3_Init
                0x0000000008000218       0x98 ./Core/Src/main.o
 .text.MX_USART1_UART_Init
                0x00000000080002b0       0x54 ./Core/Src/main.o
 .text.MX_GPIO_Init
                0x0000000008000304       0x68 ./Core/Src/main.o
 .text.eMBRegInputCB
                0x000000000800036c       0x8c ./Core/Src/main.o
                0x000000000800036c                eMBRegInputCB
 .text.eMBRegHoldingCB
                0x00000000080003f8       0xe8 ./Core/Src/main.o
                0x00000000080003f8                eMBRegHoldingCB
 .text.eMBRegCoilsCB
                0x00000000080004e0       0x26 ./Core/Src/main.o
                0x00000000080004e0                eMBRegCoilsCB
 .text.eMBRegDiscreteCB
                0x0000000008000506       0x1c ./Core/Src/main.o
                0x0000000008000506                eMBRegDiscreteCB
 .text.Error_Handler
                0x0000000008000522        0xa ./Core/Src/main.o
                0x0000000008000522                Error_Handler
 .text.HAL_MspInit
                0x000000000800052c       0x64 ./Core/Src/stm32f1xx_hal_msp.o
                0x000000000800052c                HAL_MspInit
 .text.HAL_TIM_Base_MspInit
                0x0000000008000590       0x3c ./Core/Src/stm32f1xx_hal_msp.o
                0x0000000008000590                HAL_TIM_Base_MspInit
 .text.HAL_UART_MspInit
                0x00000000080005cc       0x98 ./Core/Src/stm32f1xx_hal_msp.o
                0x00000000080005cc                HAL_UART_MspInit
 .text.NMI_Handler
                0x0000000008000664        0x6 ./Core/Src/stm32f1xx_it.o
                0x0000000008000664                NMI_Handler
 .text.HardFault_Handler
                0x000000000800066a        0x6 ./Core/Src/stm32f1xx_it.o
                0x000000000800066a                HardFault_Handler
 .text.MemManage_Handler
                0x0000000008000670        0x6 ./Core/Src/stm32f1xx_it.o
                0x0000000008000670                MemManage_Handler
 .text.BusFault_Handler
                0x0000000008000676        0x6 ./Core/Src/stm32f1xx_it.o
                0x0000000008000676                BusFault_Handler
 .text.UsageFault_Handler
                0x000000000800067c        0x6 ./Core/Src/stm32f1xx_it.o
                0x000000000800067c                UsageFault_Handler
 .text.SVC_Handler
                0x0000000008000682        0xc ./Core/Src/stm32f1xx_it.o
                0x0000000008000682                SVC_Handler
 .text.DebugMon_Handler
                0x000000000800068e        0xc ./Core/Src/stm32f1xx_it.o
                0x000000000800068e                DebugMon_Handler
 .text.PendSV_Handler
                0x000000000800069a        0xc ./Core/Src/stm32f1xx_it.o
                0x000000000800069a                PendSV_Handler
 .text.SysTick_Handler
                0x00000000080006a6        0xc ./Core/Src/stm32f1xx_it.o
                0x00000000080006a6                SysTick_Handler
 .text._getpid  0x00000000080006b2        0xe ./Core/Src/syscalls.o
                0x00000000080006b2                _getpid
 .text._kill    0x00000000080006c0       0x20 ./Core/Src/syscalls.o
                0x00000000080006c0                _kill
 .text._exit    0x00000000080006e0       0x14 ./Core/Src/syscalls.o
                0x00000000080006e0                _exit
 .text._read    0x00000000080006f4       0x3a ./Core/Src/syscalls.o
                0x00000000080006f4                _read
 .text._write   0x000000000800072e       0x38 ./Core/Src/syscalls.o
                0x000000000800072e                _write
 .text._close   0x0000000008000766       0x16 ./Core/Src/syscalls.o
                0x0000000008000766                _close
 .text._fstat   0x000000000800077c       0x1e ./Core/Src/syscalls.o
                0x000000000800077c                _fstat
 .text._isatty  0x000000000800079a       0x14 ./Core/Src/syscalls.o
                0x000000000800079a                _isatty
 .text._lseek   0x00000000080007ae       0x18 ./Core/Src/syscalls.o
                0x00000000080007ae                _lseek
 *fill*         0x00000000080007c6        0x2 
 .text._sbrk    0x00000000080007c8       0x6c ./Core/Src/sysmem.o
                0x00000000080007c8                _sbrk
 .text.SystemInit
                0x0000000008000834        0xc ./Core/Src/system_stm32f1xx.o
                0x0000000008000834                SystemInit
 .text.Reset_Handler
                0x0000000008000840       0x48 ./Core/Startup/startup_stm32f103c8tx.o
                0x0000000008000840                Reset_Handler
 .text.Default_Handler
                0x0000000008000888        0x2 ./Core/Startup/startup_stm32f103c8tx.o
                0x0000000008000888                RTC_Alarm_IRQHandler
                0x0000000008000888                EXTI2_IRQHandler
                0x0000000008000888                TIM1_CC_IRQHandler
                0x0000000008000888                PVD_IRQHandler
                0x0000000008000888                EXTI3_IRQHandler
                0x0000000008000888                EXTI0_IRQHandler
                0x0000000008000888                I2C2_EV_IRQHandler
                0x0000000008000888                ADC1_2_IRQHandler
                0x0000000008000888                SPI1_IRQHandler
                0x0000000008000888                TAMPER_IRQHandler
                0x0000000008000888                DMA1_Channel4_IRQHandler
                0x0000000008000888                USART3_IRQHandler
                0x0000000008000888                RTC_IRQHandler
                0x0000000008000888                DMA1_Channel7_IRQHandler
                0x0000000008000888                CAN1_RX1_IRQHandler
                0x0000000008000888                TIM4_IRQHandler
                0x0000000008000888                I2C1_EV_IRQHandler
                0x0000000008000888                DMA1_Channel6_IRQHandler
                0x0000000008000888                TIM3_IRQHandler
                0x0000000008000888                RCC_IRQHandler
                0x0000000008000888                TIM1_TRG_COM_IRQHandler
                0x0000000008000888                DMA1_Channel1_IRQHandler
                0x0000000008000888                Default_Handler
                0x0000000008000888                EXTI15_10_IRQHandler
                0x0000000008000888                EXTI9_5_IRQHandler
                0x0000000008000888                SPI2_IRQHandler
                0x0000000008000888                DMA1_Channel5_IRQHandler
                0x0000000008000888                EXTI4_IRQHandler
                0x0000000008000888                USB_LP_CAN1_RX0_IRQHandler
                0x0000000008000888                USB_HP_CAN1_TX_IRQHandler
                0x0000000008000888                DMA1_Channel3_IRQHandler
                0x0000000008000888                TIM1_UP_IRQHandler
                0x0000000008000888                WWDG_IRQHandler
                0x0000000008000888                TIM2_IRQHandler
                0x0000000008000888                TIM1_BRK_IRQHandler
                0x0000000008000888                EXTI1_IRQHandler
                0x0000000008000888                USART2_IRQHandler
                0x0000000008000888                I2C2_ER_IRQHandler
                0x0000000008000888                DMA1_Channel2_IRQHandler
                0x0000000008000888                CAN1_SCE_IRQHandler
                0x0000000008000888                FLASH_IRQHandler
                0x0000000008000888                USART1_IRQHandler
                0x0000000008000888                I2C1_ER_IRQHandler
                0x0000000008000888                USBWakeUp_IRQHandler
 *fill*         0x000000000800088a        0x2 
 .text.HAL_Init
                0x000000000800088c       0x2c ./Drivers/STM32F1xx_HAL_Driver/Src/stm32f1xx_hal.o
                0x000000000800088c                HAL_Init
 .text.HAL_InitTick
                0x00000000080008b8       0x60 ./Drivers/STM32F1xx_HAL_Driver/Src/stm32f1xx_hal.o
                0x00000000080008b8                HAL_InitTick
 .text.HAL_IncTick
                0x0000000008000918       0x24 ./Drivers/STM32F1xx_HAL_Driver/Src/stm32f1xx_hal.o
                0x0000000008000918                HAL_IncTick
 .text.HAL_GetTick
                0x000000000800093c       0x14 ./Drivers/STM32F1xx_HAL_Driver/Src/stm32f1xx_hal.o
                0x000000000800093c                HAL_GetTick
 .text.__NVIC_SetPriorityGrouping
                0x0000000008000950       0x48 ./Drivers/STM32F1xx_HAL_Driver/Src/stm32f1xx_hal_cortex.o
 .text.__NVIC_GetPriorityGrouping
                0x0000000008000998       0x1c ./Drivers/STM32F1xx_HAL_Driver/Src/stm32f1xx_hal_cortex.o
 .text.__NVIC_SetPriority
                0x00000000080009b4       0x54 ./Drivers/STM32F1xx_HAL_Driver/Src/stm32f1xx_hal_cortex.o
 .text.NVIC_EncodePriority
                0x0000000008000a08       0x64 ./Drivers/STM32F1xx_HAL_Driver/Src/stm32f1xx_hal_cortex.o
 .text.SysTick_Config
                0x0000000008000a6c       0x44 ./Drivers/STM32F1xx_HAL_Driver/Src/stm32f1xx_hal_cortex.o
 .text.HAL_NVIC_SetPriorityGrouping
                0x0000000008000ab0       0x16 ./Drivers/STM32F1xx_HAL_Driver/Src/stm32f1xx_hal_cortex.o
                0x0000000008000ab0                HAL_NVIC_SetPriorityGrouping
 .text.HAL_NVIC_SetPriority
                0x0000000008000ac6       0x38 ./Drivers/STM32F1xx_HAL_Driver/Src/stm32f1xx_hal_cortex.o
                0x0000000008000ac6                HAL_NVIC_SetPriority
 .text.HAL_SYSTICK_Config
                0x0000000008000afe       0x18 ./Drivers/STM32F1xx_HAL_Driver/Src/stm32f1xx_hal_cortex.o
                0x0000000008000afe                HAL_SYSTICK_Config
 .text.HAL_DMA_Abort
                0x0000000008000b16       0x76 ./Drivers/STM32F1xx_HAL_Driver/Src/stm32f1xx_hal_dma.o
                0x0000000008000b16                HAL_DMA_Abort
 .text.HAL_DMA_GetError
                0x0000000008000b8c       0x16 ./Drivers/STM32F1xx_HAL_Driver/Src/stm32f1xx_hal_dma.o
                0x0000000008000b8c                HAL_DMA_GetError
 *fill*         0x0000000008000ba2        0x2 
 .text.HAL_GPIO_Init
                0x0000000008000ba4      0x308 ./Drivers/STM32F1xx_HAL_Driver/Src/stm32f1xx_hal_gpio.o
                0x0000000008000ba4                HAL_GPIO_Init
 .text.HAL_GPIO_WritePin
                0x0000000008000eac       0x30 ./Drivers/STM32F1xx_HAL_Driver/Src/stm32f1xx_hal_gpio.o
                0x0000000008000eac                HAL_GPIO_WritePin
 .text.HAL_RCC_OscConfig
                0x0000000008000edc      0x504 ./Drivers/STM32F1xx_HAL_Driver/Src/stm32f1xx_hal_rcc.o
                0x0000000008000edc                HAL_RCC_OscConfig
 .text.HAL_RCC_ClockConfig
                0x00000000080013e0      0x1d4 ./Drivers/STM32F1xx_HAL_Driver/Src/stm32f1xx_hal_rcc.o
                0x00000000080013e0                HAL_RCC_ClockConfig
 .text.HAL_RCC_GetSysClockFreq
                0x00000000080015b4       0xa8 ./Drivers/STM32F1xx_HAL_Driver/Src/stm32f1xx_hal_rcc.o
                0x00000000080015b4                HAL_RCC_GetSysClockFreq
 .text.HAL_RCC_GetHCLKFreq
                0x000000000800165c       0x14 ./Drivers/STM32F1xx_HAL_Driver/Src/stm32f1xx_hal_rcc.o
                0x000000000800165c                HAL_RCC_GetHCLKFreq
 .text.HAL_RCC_GetPCLK1Freq
                0x0000000008001670       0x28 ./Drivers/STM32F1xx_HAL_Driver/Src/stm32f1xx_hal_rcc.o
                0x0000000008001670                HAL_RCC_GetPCLK1Freq
 .text.HAL_RCC_GetPCLK2Freq
                0x0000000008001698       0x28 ./Drivers/STM32F1xx_HAL_Driver/Src/stm32f1xx_hal_rcc.o
                0x0000000008001698                HAL_RCC_GetPCLK2Freq
 .text.RCC_Delay
                0x00000000080016c0       0x3c ./Drivers/STM32F1xx_HAL_Driver/Src/stm32f1xx_hal_rcc.o
 .text.HAL_TIM_Base_Init
                0x00000000080016fc       0x9e ./Drivers/STM32F1xx_HAL_Driver/Src/stm32f1xx_hal_tim.o
                0x00000000080016fc                HAL_TIM_Base_Init
 *fill*         0x000000000800179a        0x2 
 .text.HAL_TIM_Base_Start_IT
                0x000000000800179c       0xa4 ./Drivers/STM32F1xx_HAL_Driver/Src/stm32f1xx_hal_tim.o
                0x000000000800179c                HAL_TIM_Base_Start_IT
 .text.HAL_TIM_Base_Stop_IT
                0x0000000008001840       0x5c ./Drivers/STM32F1xx_HAL_Driver/Src/stm32f1xx_hal_tim.o
                0x0000000008001840                HAL_TIM_Base_Stop_IT
 .text.HAL_TIM_ConfigClockSource
                0x000000000800189c      0x18e ./Drivers/STM32F1xx_HAL_Driver/Src/stm32f1xx_hal_tim.o
                0x000000000800189c                HAL_TIM_ConfigClockSource
 *fill*         0x0000000008001a2a        0x2 
 .text.TIM_Base_SetConfig
                0x0000000008001a2c       0xc4 ./Drivers/STM32F1xx_HAL_Driver/Src/stm32f1xx_hal_tim.o
                0x0000000008001a2c                TIM_Base_SetConfig
 .text.TIM_TI1_ConfigInputStage
                0x0000000008001af0       0x5c ./Drivers/STM32F1xx_HAL_Driver/Src/stm32f1xx_hal_tim.o
 .text.TIM_TI2_ConfigInputStage
                0x0000000008001b4c       0x5e ./Drivers/STM32F1xx_HAL_Driver/Src/stm32f1xx_hal_tim.o
 .text.TIM_ITRx_SetConfig
                0x0000000008001baa       0x34 ./Drivers/STM32F1xx_HAL_Driver/Src/stm32f1xx_hal_tim.o
 .text.TIM_ETR_SetConfig
                0x0000000008001bde       0x3e ./Drivers/STM32F1xx_HAL_Driver/Src/stm32f1xx_hal_tim.o
                0x0000000008001bde                TIM_ETR_SetConfig
 .text.HAL_TIMEx_MasterConfigSynchronization
                0x0000000008001c1c       0xbc ./Drivers/STM32F1xx_HAL_Driver/Src/stm32f1xx_hal_tim_ex.o
                0x0000000008001c1c                HAL_TIMEx_MasterConfigSynchronization
 .text.HAL_UART_Init
                0x0000000008001cd8       0xa0 ./Drivers/STM32F1xx_HAL_Driver/Src/stm32f1xx_hal_uart.o
                0x0000000008001cd8                HAL_UART_Init
 .text.HAL_UART_Transmit_IT
                0x0000000008001d78       0x6a ./Drivers/STM32F1xx_HAL_Driver/Src/stm32f1xx_hal_uart.o
                0x0000000008001d78                HAL_UART_Transmit_IT
 .text.HAL_UART_Receive_IT
                0x0000000008001de2       0x4a ./Drivers/STM32F1xx_HAL_Driver/Src/stm32f1xx_hal_uart.o
                0x0000000008001de2                HAL_UART_Receive_IT
 .text.HAL_UART_AbortTransmit
                0x0000000008001e2c       0xd0 ./Drivers/STM32F1xx_HAL_Driver/Src/stm32f1xx_hal_uart.o
                0x0000000008001e2c                HAL_UART_AbortTransmit
 .text.HAL_UART_AbortReceive
                0x0000000008001efc      0x146 ./Drivers/STM32F1xx_HAL_Driver/Src/stm32f1xx_hal_uart.o
                0x0000000008001efc                HAL_UART_AbortReceive
 .text.UART_Start_Receive_IT
                0x0000000008002042       0x72 ./Drivers/STM32F1xx_HAL_Driver/Src/stm32f1xx_hal_uart.o
                0x0000000008002042                UART_Start_Receive_IT
 .text.UART_SetConfig
                0x00000000080020b4      0x11c ./Drivers/STM32F1xx_HAL_Driver/Src/stm32f1xx_hal_uart.o
 .text.eMBInit  0x00000000080021d0       0xf8 ./Drivers/freemodbus-port-hal-stm32f1xx-master/Src/mb.o
                0x00000000080021d0                eMBInit
 .text.eMBEnable
                0x00000000080022c8       0x38 ./Drivers/freemodbus-port-hal-stm32f1xx-master/Src/mb.o
                0x00000000080022c8                eMBEnable
 .text.eMBPoll  0x0000000008002300      0x174 ./Drivers/freemodbus-port-hal-stm32f1xx-master/Src/mb.o
                0x0000000008002300                eMBPoll
 .text.usMBCRC16
                0x0000000008002474       0x6c ./Drivers/freemodbus-port-hal-stm32f1xx-master/Src/mbcrc.o
                0x0000000008002474                usMBCRC16
 .text.eMBFuncReadCoils
                0x00000000080024e0       0xfe ./Drivers/freemodbus-port-hal-stm32f1xx-master/Src/mbfunccoils.o
                0x00000000080024e0                eMBFuncReadCoils
 .text.eMBFuncWriteCoil
                0x00000000080025de       0xa6 ./Drivers/freemodbus-port-hal-stm32f1xx-master/Src/mbfunccoils.o
                0x00000000080025de                eMBFuncWriteCoil
 .text.eMBFuncWriteMultipleCoils
                0x0000000008002684       0xce ./Drivers/freemodbus-port-hal-stm32f1xx-master/Src/mbfunccoils.o
                0x0000000008002684                eMBFuncWriteMultipleCoils
 .text.eMBFuncReadDiscreteInputs
                0x0000000008002752       0xfe ./Drivers/freemodbus-port-hal-stm32f1xx-master/Src/mbfuncdisc.o
                0x0000000008002752                eMBFuncReadDiscreteInputs
 .text.eMBFuncWriteHoldingRegister
                0x0000000008002850       0x6a ./Drivers/freemodbus-port-hal-stm32f1xx-master/Src/mbfuncholding.o
                0x0000000008002850                eMBFuncWriteHoldingRegister
 .text.eMBFuncWriteMultipleHoldingRegister
                0x00000000080028ba       0xb2 ./Drivers/freemodbus-port-hal-stm32f1xx-master/Src/mbfuncholding.o
                0x00000000080028ba                eMBFuncWriteMultipleHoldingRegister
 .text.eMBFuncReadHoldingRegister
                0x000000000800296c       0xde ./Drivers/freemodbus-port-hal-stm32f1xx-master/Src/mbfuncholding.o
                0x000000000800296c                eMBFuncReadHoldingRegister
 .text.eMBFuncReadWriteMultipleHoldingRegister
                0x0000000008002a4a      0x154 ./Drivers/freemodbus-port-hal-stm32f1xx-master/Src/mbfuncholding.o
                0x0000000008002a4a                eMBFuncReadWriteMultipleHoldingRegister
 .text.eMBFuncReadInputRegister
                0x0000000008002b9e       0xe4 ./Drivers/freemodbus-port-hal-stm32f1xx-master/Src/mbfuncinput.o
                0x0000000008002b9e                eMBFuncReadInputRegister
 *fill*         0x0000000008002c82        0x2 
 .text.eMBFuncReportSlaveID
                0x0000000008002c84       0x38 ./Drivers/freemodbus-port-hal-stm32f1xx-master/Src/mbfuncother.o
                0x0000000008002c84                eMBFuncReportSlaveID
 .text.eMBRTUInit
                0x0000000008002cbc       0x78 ./Drivers/freemodbus-port-hal-stm32f1xx-master/Src/mbrtu.o
                0x0000000008002cbc                eMBRTUInit
 .text.eMBRTUStart
                0x0000000008002d34       0x28 ./Drivers/freemodbus-port-hal-stm32f1xx-master/Src/mbrtu.o
                0x0000000008002d34                eMBRTUStart
 .text.eMBRTUStop
                0x0000000008002d5c       0x1c ./Drivers/freemodbus-port-hal-stm32f1xx-master/Src/mbrtu.o
                0x0000000008002d5c                eMBRTUStop
 .text.eMBRTUReceive
                0x0000000008002d78       0x9c ./Drivers/freemodbus-port-hal-stm32f1xx-master/Src/mbrtu.o
                0x0000000008002d78                eMBRTUReceive
 .text.eMBRTUSend
                0x0000000008002e14       0xc8 ./Drivers/freemodbus-port-hal-stm32f1xx-master/Src/mbrtu.o
                0x0000000008002e14                eMBRTUSend
 .text.xMBRTUReceiveFSM
                0x0000000008002edc       0xd0 ./Drivers/freemodbus-port-hal-stm32f1xx-master/Src/mbrtu.o
                0x0000000008002edc                xMBRTUReceiveFSM
 .text.xMBRTUTransmitFSM
                0x0000000008002fac       0xb0 ./Drivers/freemodbus-port-hal-stm32f1xx-master/Src/mbrtu.o
                0x0000000008002fac                xMBRTUTransmitFSM
 .text.xMBRTUTimerT35Expired
                0x000000000800305c       0x8c ./Drivers/freemodbus-port-hal-stm32f1xx-master/Src/mbrtu.o
                0x000000000800305c                xMBRTUTimerT35Expired
 .text.prveMBError2Exception
                0x00000000080030e8       0x42 ./Drivers/freemodbus-port-hal-stm32f1xx-master/Src/mbutils.o
                0x00000000080030e8                prveMBError2Exception
 *fill*         0x000000000800312a        0x2 
 .text.critical_enter
                0x000000000800312c       0x20 ./Drivers/freemodbus-port-hal-stm32f1xx-master/Src/port.o
                0x000000000800312c                critical_enter
 .text.critical_exit
                0x000000000800314c       0x28 ./Drivers/freemodbus-port-hal-stm32f1xx-master/Src/port.o
                0x000000000800314c                critical_exit
 .text.xMBPortEventInit
                0x0000000008003174       0x18 ./Drivers/freemodbus-port-hal-stm32f1xx-master/Src/portevent.o
                0x0000000008003174                xMBPortEventInit
 .text.xMBPortEventPost
                0x000000000800318c       0x2c ./Drivers/freemodbus-port-hal-stm32f1xx-master/Src/portevent.o
                0x000000000800318c                xMBPortEventPost
 .text.xMBPortEventGet
                0x00000000080031b8       0x3c ./Drivers/freemodbus-port-hal-stm32f1xx-master/Src/portevent.o
                0x00000000080031b8                xMBPortEventGet
 .text.vMBPortSerialEnable
                0x00000000080031f4       0x84 ./Drivers/freemodbus-port-hal-stm32f1xx-master/Src/portserial.o
                0x00000000080031f4                vMBPortSerialEnable
 .text.Modbus_UART_Init
                0x0000000008003278       0x38 ./Drivers/freemodbus-port-hal-stm32f1xx-master/Src/portserial.o
                0x0000000008003278                Modbus_UART_Init
 .text.xMBPortSerialInit
                0x00000000080032b0       0x24 ./Drivers/freemodbus-port-hal-stm32f1xx-master/Src/portserial.o
                0x00000000080032b0                xMBPortSerialInit
 .text.xMBPortSerialPutByte
                0x00000000080032d4       0x28 ./Drivers/freemodbus-port-hal-stm32f1xx-master/Src/portserial.o
                0x00000000080032d4                xMBPortSerialPutByte
 .text.xMBPortSerialGetByte
                0x00000000080032fc       0x20 ./Drivers/freemodbus-port-hal-stm32f1xx-master/Src/portserial.o
                0x00000000080032fc                xMBPortSerialGetByte
 .text.Modbus_HTIM_Init
                0x000000000800331c       0x1c ./Drivers/freemodbus-port-hal-stm32f1xx-master/Src/porttimer.o
                0x000000000800331c                Modbus_HTIM_Init
 .text.xMBPortTimersInit
                0x0000000008003338       0x20 ./Drivers/freemodbus-port-hal-stm32f1xx-master/Src/porttimer.o
                0x0000000008003338                xMBPortTimersInit
 .text.vMBPortTimersEnable
                0x0000000008003358       0x20 ./Drivers/freemodbus-port-hal-stm32f1xx-master/Src/porttimer.o
                0x0000000008003358                vMBPortTimersEnable
 .text.vMBPortTimersDisable
                0x0000000008003378       0x18 ./Drivers/freemodbus-port-hal-stm32f1xx-master/Src/porttimer.o
                0x0000000008003378                vMBPortTimersDisable
 .text.__assert_func
                0x0000000008003390       0x3c D:/ST/STM32CubeIDE_1.13.2/STM32CubeIDE/plugins/com.st.stm32cube.ide.mcu.externaltools.gnu-tools-for-stm32.11.3.rel1.win32_1.1.100.202309141235/tools/bin/../lib/gcc/arm-none-eabi/11.3.1/../../../../arm-none-eabi/lib/thumb/v7-m/nofp\libc_nano.a(libc_a-assert.o)
                0x0000000008003390                __assert_func
 .text.std      0x00000000080033cc       0x6c D:/ST/STM32CubeIDE_1.13.2/STM32CubeIDE/plugins/com.st.stm32cube.ide.mcu.externaltools.gnu-tools-for-stm32.11.3.rel1.win32_1.1.100.202309141235/tools/bin/../lib/gcc/arm-none-eabi/11.3.1/../../../../arm-none-eabi/lib/thumb/v7-m/nofp\libc_nano.a(libc_a-findfp.o)
 .text.stdio_exit_handler
                0x0000000008003438       0x18 D:/ST/STM32CubeIDE_1.13.2/STM32CubeIDE/plugins/com.st.stm32cube.ide.mcu.externaltools.gnu-tools-for-stm32.11.3.rel1.win32_1.1.100.202309141235/tools/bin/../lib/gcc/arm-none-eabi/11.3.1/../../../../arm-none-eabi/lib/thumb/v7-m/nofp\libc_nano.a(libc_a-findfp.o)
 .text.cleanup_stdio
                0x0000000008003450       0x40 D:/ST/STM32CubeIDE_1.13.2/STM32CubeIDE/plugins/com.st.stm32cube.ide.mcu.externaltools.gnu-tools-for-stm32.11.3.rel1.win32_1.1.100.202309141235/tools/bin/../lib/gcc/arm-none-eabi/11.3.1/../../../../arm-none-eabi/lib/thumb/v7-m/nofp\libc_nano.a(libc_a-findfp.o)
 .text.global_stdio_init.part.0
                0x0000000008003490       0x3c D:/ST/STM32CubeIDE_1.13.2/STM32CubeIDE/plugins/com.st.stm32cube.ide.mcu.externaltools.gnu-tools-for-stm32.11.3.rel1.win32_1.1.100.202309141235/tools/bin/../lib/gcc/arm-none-eabi/11.3.1/../../../../arm-none-eabi/lib/thumb/v7-m/nofp\libc_nano.a(libc_a-findfp.o)
 .text.__sfp_lock_acquire
                0x00000000080034cc        0xc D:/ST/STM32CubeIDE_1.13.2/STM32CubeIDE/plugins/com.st.stm32cube.ide.mcu.externaltools.gnu-tools-for-stm32.11.3.rel1.win32_1.1.100.202309141235/tools/bin/../lib/gcc/arm-none-eabi/11.3.1/../../../../arm-none-eabi/lib/thumb/v7-m/nofp\libc_nano.a(libc_a-findfp.o)
                0x00000000080034cc                __sfp_lock_acquire
 .text.__sfp_lock_release
                0x00000000080034d8        0xc D:/ST/STM32CubeIDE_1.13.2/STM32CubeIDE/plugins/com.st.stm32cube.ide.mcu.externaltools.gnu-tools-for-stm32.11.3.rel1.win32_1.1.100.202309141235/tools/bin/../lib/gcc/arm-none-eabi/11.3.1/../../../../arm-none-eabi/lib/thumb/v7-m/nofp\libc_nano.a(libc_a-findfp.o)
                0x00000000080034d8                __sfp_lock_release
 .text.__sinit  0x00000000080034e4       0x30 D:/ST/STM32CubeIDE_1.13.2/STM32CubeIDE/plugins/com.st.stm32cube.ide.mcu.externaltools.gnu-tools-for-stm32.11.3.rel1.win32_1.1.100.202309141235/tools/bin/../lib/gcc/arm-none-eabi/11.3.1/../../../../arm-none-eabi/lib/thumb/v7-m/nofp\libc_nano.a(libc_a-findfp.o)
                0x00000000080034e4                __sinit
 .text.fprintf  0x0000000008003514       0x24 D:/ST/STM32CubeIDE_1.13.2/STM32CubeIDE/plugins/com.st.stm32cube.ide.mcu.externaltools.gnu-tools-for-stm32.11.3.rel1.win32_1.1.100.202309141235/tools/bin/../lib/gcc/arm-none-eabi/11.3.1/../../../../arm-none-eabi/lib/thumb/v7-m/nofp\libc_nano.a(libc_a-fprintf.o)
                0x0000000008003514                fiprintf
                0x0000000008003514                fprintf
 .text._fwalk_sglue
                0x0000000008003538       0x3c D:/ST/STM32CubeIDE_1.13.2/STM32CubeIDE/plugins/com.st.stm32cube.ide.mcu.externaltools.gnu-tools-for-stm32.11.3.rel1.win32_1.1.100.202309141235/tools/bin/../lib/gcc/arm-none-eabi/11.3.1/../../../../arm-none-eabi/lib/thumb/v7-m/nofp\libc_nano.a(libc_a-fwalk.o)
                0x0000000008003538                _fwalk_sglue
 .text.__sread  0x0000000008003574       0x22 D:/ST/STM32CubeIDE_1.13.2/STM32CubeIDE/plugins/com.st.stm32cube.ide.mcu.externaltools.gnu-tools-for-stm32.11.3.rel1.win32_1.1.100.202309141235/tools/bin/../lib/gcc/arm-none-eabi/11.3.1/../../../../arm-none-eabi/lib/thumb/v7-m/nofp\libc_nano.a(libc_a-stdio.o)
                0x0000000008003574                __sread
 .text.__swrite
                0x0000000008003596       0x38 D:/ST/STM32CubeIDE_1.13.2/STM32CubeIDE/plugins/com.st.stm32cube.ide.mcu.externaltools.gnu-tools-for-stm32.11.3.rel1.win32_1.1.100.202309141235/tools/bin/../lib/gcc/arm-none-eabi/11.3.1/../../../../arm-none-eabi/lib/thumb/v7-m/nofp\libc_nano.a(libc_a-stdio.o)
                0x0000000008003596                __swrite
 .text.__sseek  0x00000000080035ce       0x24 D:/ST/STM32CubeIDE_1.13.2/STM32CubeIDE/plugins/com.st.stm32cube.ide.mcu.externaltools.gnu-tools-for-stm32.11.3.rel1.win32_1.1.100.202309141235/tools/bin/../lib/gcc/arm-none-eabi/11.3.1/../../../../arm-none-eabi/lib/thumb/v7-m/nofp\libc_nano.a(libc_a-stdio.o)
                0x00000000080035ce                __sseek
 .text.__sclose
                0x00000000080035f2        0x8 D:/ST/STM32CubeIDE_1.13.2/STM32CubeIDE/plugins/com.st.stm32cube.ide.mcu.externaltools.gnu-tools-for-stm32.11.3.rel1.win32_1.1.100.202309141235/tools/bin/../lib/gcc/arm-none-eabi/11.3.1/../../../../arm-none-eabi/lib/thumb/v7-m/nofp\libc_nano.a(libc_a-stdio.o)
                0x00000000080035f2                __sclose
 .text.memset   0x00000000080035fa       0x10 D:/ST/STM32CubeIDE_1.13.2/STM32CubeIDE/plugins/com.st.stm32cube.ide.mcu.externaltools.gnu-tools-for-stm32.11.3.rel1.win32_1.1.100.202309141235/tools/bin/../lib/gcc/arm-none-eabi/11.3.1/../../../../arm-none-eabi/lib/thumb/v7-m/nofp\libc_nano.a(libc_a-memset.o)
                0x00000000080035fa                memset
 *fill*         0x000000000800360a        0x2 
 .text._close_r
                0x000000000800360c       0x20 D:/ST/STM32CubeIDE_1.13.2/STM32CubeIDE/plugins/com.st.stm32cube.ide.mcu.externaltools.gnu-tools-for-stm32.11.3.rel1.win32_1.1.100.202309141235/tools/bin/../lib/gcc/arm-none-eabi/11.3.1/../../../../arm-none-eabi/lib/thumb/v7-m/nofp\libc_nano.a(libc_a-closer.o)
                0x000000000800360c                _close_r
 .text._lseek_r
                0x000000000800362c       0x24 D:/ST/STM32CubeIDE_1.13.2/STM32CubeIDE/plugins/com.st.stm32cube.ide.mcu.externaltools.gnu-tools-for-stm32.11.3.rel1.win32_1.1.100.202309141235/tools/bin/../lib/gcc/arm-none-eabi/11.3.1/../../../../arm-none-eabi/lib/thumb/v7-m/nofp\libc_nano.a(libc_a-lseekr.o)
                0x000000000800362c                _lseek_r
 .text._read_r  0x0000000008003650       0x24 D:/ST/STM32CubeIDE_1.13.2/STM32CubeIDE/plugins/com.st.stm32cube.ide.mcu.externaltools.gnu-tools-for-stm32.11.3.rel1.win32_1.1.100.202309141235/tools/bin/../lib/gcc/arm-none-eabi/11.3.1/../../../../arm-none-eabi/lib/thumb/v7-m/nofp\libc_nano.a(libc_a-readr.o)
                0x0000000008003650                _read_r
 .text._write_r
                0x0000000008003674       0x24 D:/ST/STM32CubeIDE_1.13.2/STM32CubeIDE/plugins/com.st.stm32cube.ide.mcu.externaltools.gnu-tools-for-stm32.11.3.rel1.win32_1.1.100.202309141235/tools/bin/../lib/gcc/arm-none-eabi/11.3.1/../../../../arm-none-eabi/lib/thumb/v7-m/nofp\libc_nano.a(libc_a-writer.o)
                0x0000000008003674                _write_r
 .text.__errno  0x0000000008003698        0xc D:/ST/STM32CubeIDE_1.13.2/STM32CubeIDE/plugins/com.st.stm32cube.ide.mcu.externaltools.gnu-tools-for-stm32.11.3.rel1.win32_1.1.100.202309141235/tools/bin/../lib/gcc/arm-none-eabi/11.3.1/../../../../arm-none-eabi/lib/thumb/v7-m/nofp\libc_nano.a(libc_a-errno.o)
                0x0000000008003698                __errno
 .text.__libc_init_array
                0x00000000080036a4       0x48 D:/ST/STM32CubeIDE_1.13.2/STM32CubeIDE/plugins/com.st.stm32cube.ide.mcu.externaltools.gnu-tools-for-stm32.11.3.rel1.win32_1.1.100.202309141235/tools/bin/../lib/gcc/arm-none-eabi/11.3.1/../../../../arm-none-eabi/lib/thumb/v7-m/nofp\libc_nano.a(libc_a-init.o)
                0x00000000080036a4                __libc_init_array
 .text.__retarget_lock_init_recursive
                0x00000000080036ec        0x2 D:/ST/STM32CubeIDE_1.13.2/STM32CubeIDE/plugins/com.st.stm32cube.ide.mcu.externaltools.gnu-tools-for-stm32.11.3.rel1.win32_1.1.100.202309141235/tools/bin/../lib/gcc/arm-none-eabi/11.3.1/../../../../arm-none-eabi/lib/thumb/v7-m/nofp\libc_nano.a(libc_a-lock.o)
                0x00000000080036ec                __retarget_lock_init_recursive
 .text.__retarget_lock_acquire_recursive
                0x00000000080036ee        0x2 D:/ST/STM32CubeIDE_1.13.2/STM32CubeIDE/plugins/com.st.stm32cube.ide.mcu.externaltools.gnu-tools-for-stm32.11.3.rel1.win32_1.1.100.202309141235/tools/bin/../lib/gcc/arm-none-eabi/11.3.1/../../../../arm-none-eabi/lib/thumb/v7-m/nofp\libc_nano.a(libc_a-lock.o)
                0x00000000080036ee                __retarget_lock_acquire_recursive
 .text.__retarget_lock_release_recursive
                0x00000000080036f0        0x2 D:/ST/STM32CubeIDE_1.13.2/STM32CubeIDE/plugins/com.st.stm32cube.ide.mcu.externaltools.gnu-tools-for-stm32.11.3.rel1.win32_1.1.100.202309141235/tools/bin/../lib/gcc/arm-none-eabi/11.3.1/../../../../arm-none-eabi/lib/thumb/v7-m/nofp\libc_nano.a(libc_a-lock.o)
                0x00000000080036f0                __retarget_lock_release_recursive
 .text.memcpy   0x00000000080036f2       0x1c D:/ST/STM32CubeIDE_1.13.2/STM32CubeIDE/plugins/com.st.stm32cube.ide.mcu.externaltools.gnu-tools-for-stm32.11.3.rel1.win32_1.1.100.202309141235/tools/bin/../lib/gcc/arm-none-eabi/11.3.1/../../../../arm-none-eabi/lib/thumb/v7-m/nofp\libc_nano.a(libc_a-memcpy-stub.o)
                0x00000000080036f2                memcpy
 .text.abort    0x000000000800370e        0xe D:/ST/STM32CubeIDE_1.13.2/STM32CubeIDE/plugins/com.st.stm32cube.ide.mcu.externaltools.gnu-tools-for-stm32.11.3.rel1.win32_1.1.100.202309141235/tools/bin/../lib/gcc/arm-none-eabi/11.3.1/../../../../arm-none-eabi/lib/thumb/v7-m/nofp\libc_nano.a(libc_a-abort.o)
                0x000000000800370e                abort
 .text._free_r  0x000000000800371c       0x90 D:/ST/STM32CubeIDE_1.13.2/STM32CubeIDE/plugins/com.st.stm32cube.ide.mcu.externaltools.gnu-tools-for-stm32.11.3.rel1.win32_1.1.100.202309141235/tools/bin/../lib/gcc/arm-none-eabi/11.3.1/../../../../arm-none-eabi/lib/thumb/v7-m/nofp\libc_nano.a(libc_a-freer.o)
                0x000000000800371c                _free_r
 .text.sbrk_aligned
                0x00000000080037ac       0x40 D:/ST/STM32CubeIDE_1.13.2/STM32CubeIDE/plugins/com.st.stm32cube.ide.mcu.externaltools.gnu-tools-for-stm32.11.3.rel1.win32_1.1.100.202309141235/tools/bin/../lib/gcc/arm-none-eabi/11.3.1/../../../../arm-none-eabi/lib/thumb/v7-m/nofp\libc_nano.a(libc_a-mallocr.o)
 .text._malloc_r
                0x00000000080037ec      0x100 D:/ST/STM32CubeIDE_1.13.2/STM32CubeIDE/plugins/com.st.stm32cube.ide.mcu.externaltools.gnu-tools-for-stm32.11.3.rel1.win32_1.1.100.202309141235/tools/bin/../lib/gcc/arm-none-eabi/11.3.1/../../../../arm-none-eabi/lib/thumb/v7-m/nofp\libc_nano.a(libc_a-mallocr.o)
                0x00000000080037ec                _malloc_r
 .text.__malloc_lock
                0x00000000080038ec        0xc D:/ST/STM32CubeIDE_1.13.2/STM32CubeIDE/plugins/com.st.stm32cube.ide.mcu.externaltools.gnu-tools-for-stm32.11.3.rel1.win32_1.1.100.202309141235/tools/bin/../lib/gcc/arm-none-eabi/11.3.1/../../../../arm-none-eabi/lib/thumb/v7-m/nofp\libc_nano.a(libc_a-mlock.o)
                0x00000000080038ec                __malloc_lock
 .text.__malloc_unlock
                0x00000000080038f8        0xc D:/ST/STM32CubeIDE_1.13.2/STM32CubeIDE/plugins/com.st.stm32cube.ide.mcu.externaltools.gnu-tools-for-stm32.11.3.rel1.win32_1.1.100.202309141235/tools/bin/../lib/gcc/arm-none-eabi/11.3.1/../../../../arm-none-eabi/lib/thumb/v7-m/nofp\libc_nano.a(libc_a-mlock.o)
                0x00000000080038f8                __malloc_unlock
 .text.__sfputc_r
                0x0000000008003904       0x2a D:/ST/STM32CubeIDE_1.13.2/STM32CubeIDE/plugins/com.st.stm32cube.ide.mcu.externaltools.gnu-tools-for-stm32.11.3.rel1.win32_1.1.100.202309141235/tools/bin/../lib/gcc/arm-none-eabi/11.3.1/../../../../arm-none-eabi/lib/thumb/v7-m/nofp\libc_nano.a(libc_a-nano-vfprintf.o)
 .text.__sfputs_r
                0x000000000800392e       0x24 D:/ST/STM32CubeIDE_1.13.2/STM32CubeIDE/plugins/com.st.stm32cube.ide.mcu.externaltools.gnu-tools-for-stm32.11.3.rel1.win32_1.1.100.202309141235/tools/bin/../lib/gcc/arm-none-eabi/11.3.1/../../../../arm-none-eabi/lib/thumb/v7-m/nofp\libc_nano.a(libc_a-nano-vfprintf.o)
                0x000000000800392e                __sfputs_r
 *fill*         0x0000000008003952        0x2 
 .text._vfprintf_r
                0x0000000008003954      0x234 D:/ST/STM32CubeIDE_1.13.2/STM32CubeIDE/plugins/com.st.stm32cube.ide.mcu.externaltools.gnu-tools-for-stm32.11.3.rel1.win32_1.1.100.202309141235/tools/bin/../lib/gcc/arm-none-eabi/11.3.1/../../../../arm-none-eabi/lib/thumb/v7-m/nofp\libc_nano.a(libc_a-nano-vfprintf.o)
                0x0000000008003954                _vfprintf_r
                0x0000000008003954                _vfiprintf_r
 .text._printf_common
                0x0000000008003b88       0xe4 D:/ST/STM32CubeIDE_1.13.2/STM32CubeIDE/plugins/com.st.stm32cube.ide.mcu.externaltools.gnu-tools-for-stm32.11.3.rel1.win32_1.1.100.202309141235/tools/bin/../lib/gcc/arm-none-eabi/11.3.1/../../../../arm-none-eabi/lib/thumb/v7-m/nofp\libc_nano.a(libc_a-nano-vfprintf_i.o)
                0x0000000008003b88                _printf_common
 .text._printf_i
                0x0000000008003c6c      0x244 D:/ST/STM32CubeIDE_1.13.2/STM32CubeIDE/plugins/com.st.stm32cube.ide.mcu.externaltools.gnu-tools-for-stm32.11.3.rel1.win32_1.1.100.202309141235/tools/bin/../lib/gcc/arm-none-eabi/11.3.1/../../../../arm-none-eabi/lib/thumb/v7-m/nofp\libc_nano.a(libc_a-nano-vfprintf_i.o)
                0x0000000008003c6c                _printf_i
 .text.__sflush_r
                0x0000000008003eb0      0x104 D:/ST/STM32CubeIDE_1.13.2/STM32CubeIDE/plugins/com.st.stm32cube.ide.mcu.externaltools.gnu-tools-for-stm32.11.3.rel1.win32_1.1.100.202309141235/tools/bin/../lib/gcc/arm-none-eabi/11.3.1/../../../../arm-none-eabi/lib/thumb/v7-m/nofp\libc_nano.a(libc_a-fflush.o)
                0x0000000008003eb0                __sflush_r
 .text._fflush_r
                0x0000000008003fb4       0x50 D:/ST/STM32CubeIDE_1.13.2/STM32CubeIDE/plugins/com.st.stm32cube.ide.mcu.externaltools.gnu-tools-for-stm32.11.3.rel1.win32_1.1.100.202309141235/tools/bin/../lib/gcc/arm-none-eabi/11.3.1/../../../../arm-none-eabi/lib/thumb/v7-m/nofp\libc_nano.a(libc_a-fflush.o)
                0x0000000008003fb4                _fflush_r
 .text.__swbuf_r
                0x0000000008004004       0x7a D:/ST/STM32CubeIDE_1.13.2/STM32CubeIDE/plugins/com.st.stm32cube.ide.mcu.externaltools.gnu-tools-for-stm32.11.3.rel1.win32_1.1.100.202309141235/tools/bin/../lib/gcc/arm-none-eabi/11.3.1/../../../../arm-none-eabi/lib/thumb/v7-m/nofp\libc_nano.a(libc_a-wbuf.o)
                0x0000000008004004                __swbuf_r
 *fill*         0x000000000800407e        0x2 
 .text.__swsetup_r
                0x0000000008004080       0xb0 D:/ST/STM32CubeIDE_1.13.2/STM32CubeIDE/plugins/com.st.stm32cube.ide.mcu.externaltools.gnu-tools-for-stm32.11.3.rel1.win32_1.1.100.202309141235/tools/bin/../lib/gcc/arm-none-eabi/11.3.1/../../../../arm-none-eabi/lib/thumb/v7-m/nofp\libc_nano.a(libc_a-wsetup.o)
                0x0000000008004080                __swsetup_r
 .text._raise_r
                0x0000000008004130       0x50 D:/ST/STM32CubeIDE_1.13.2/STM32CubeIDE/plugins/com.st.stm32cube.ide.mcu.externaltools.gnu-tools-for-stm32.11.3.rel1.win32_1.1.100.202309141235/tools/bin/../lib/gcc/arm-none-eabi/11.3.1/../../../../arm-none-eabi/lib/thumb/v7-m/nofp\libc_nano.a(libc_a-signal.o)
                0x0000000008004130                _raise_r
 .text.raise    0x0000000008004180       0x10 D:/ST/STM32CubeIDE_1.13.2/STM32CubeIDE/plugins/com.st.stm32cube.ide.mcu.externaltools.gnu-tools-for-stm32.11.3.rel1.win32_1.1.100.202309141235/tools/bin/../lib/gcc/arm-none-eabi/11.3.1/../../../../arm-none-eabi/lib/thumb/v7-m/nofp\libc_nano.a(libc_a-signal.o)
                0x0000000008004180                raise
 .text._kill_r  0x0000000008004190       0x24 D:/ST/STM32CubeIDE_1.13.2/STM32CubeIDE/plugins/com.st.stm32cube.ide.mcu.externaltools.gnu-tools-for-stm32.11.3.rel1.win32_1.1.100.202309141235/tools/bin/../lib/gcc/arm-none-eabi/11.3.1/../../../../arm-none-eabi/lib/thumb/v7-m/nofp\libc_nano.a(libc_a-signalr.o)
                0x0000000008004190                _kill_r
 .text._getpid_r
                0x00000000080041b4        0x4 D:/ST/STM32CubeIDE_1.13.2/STM32CubeIDE/plugins/com.st.stm32cube.ide.mcu.externaltools.gnu-tools-for-stm32.11.3.rel1.win32_1.1.100.202309141235/tools/bin/../lib/gcc/arm-none-eabi/11.3.1/../../../../arm-none-eabi/lib/thumb/v7-m/nofp\libc_nano.a(libc_a-signalr.o)
                0x00000000080041b4                _getpid_r
 .text._sbrk_r  0x00000000080041b8       0x20 D:/ST/STM32CubeIDE_1.13.2/STM32CubeIDE/plugins/com.st.stm32cube.ide.mcu.externaltools.gnu-tools-for-stm32.11.3.rel1.win32_1.1.100.202309141235/tools/bin/../lib/gcc/arm-none-eabi/11.3.1/../../../../arm-none-eabi/lib/thumb/v7-m/nofp\libc_nano.a(libc_a-sbrkr.o)
                0x00000000080041b8                _sbrk_r
 .text.memchr   0x00000000080041d8       0x1c D:/ST/STM32CubeIDE_1.13.2/STM32CubeIDE/plugins/com.st.stm32cube.ide.mcu.externaltools.gnu-tools-for-stm32.11.3.rel1.win32_1.1.100.202309141235/tools/bin/../lib/gcc/arm-none-eabi/11.3.1/../../../../arm-none-eabi/lib/thumb/v7-m/nofp\libc_nano.a(libc_a-memchr-stub.o)
                0x00000000080041d8                memchr
 .text.__swhatbuf_r
                0x00000000080041f4       0x4a D:/ST/STM32CubeIDE_1.13.2/STM32CubeIDE/plugins/com.st.stm32cube.ide.mcu.externaltools.gnu-tools-for-stm32.11.3.rel1.win32_1.1.100.202309141235/tools/bin/../lib/gcc/arm-none-eabi/11.3.1/../../../../arm-none-eabi/lib/thumb/v7-m/nofp\libc_nano.a(libc_a-makebuf.o)
                0x00000000080041f4                __swhatbuf_r
 .text.__smakebuf_r
                0x000000000800423e       0x78 D:/ST/STM32CubeIDE_1.13.2/STM32CubeIDE/plugins/com.st.stm32cube.ide.mcu.externaltools.gnu-tools-for-stm32.11.3.rel1.win32_1.1.100.202309141235/tools/bin/../lib/gcc/arm-none-eabi/11.3.1/../../../../arm-none-eabi/lib/thumb/v7-m/nofp\libc_nano.a(libc_a-makebuf.o)
                0x000000000800423e                __smakebuf_r
 *fill*         0x00000000080042b6        0x2 
 .text._fstat_r
                0x00000000080042b8       0x24 D:/ST/STM32CubeIDE_1.13.2/STM32CubeIDE/plugins/com.st.stm32cube.ide.mcu.externaltools.gnu-tools-for-stm32.11.3.rel1.win32_1.1.100.202309141235/tools/bin/../lib/gcc/arm-none-eabi/11.3.1/../../../../arm-none-eabi/lib/thumb/v7-m/nofp\libc_nano.a(libc_a-fstatr.o)
                0x00000000080042b8                _fstat_r
 .text._isatty_r
                0x00000000080042dc       0x20 D:/ST/STM32CubeIDE_1.13.2/STM32CubeIDE/plugins/com.st.stm32cube.ide.mcu.externaltools.gnu-tools-for-stm32.11.3.rel1.win32_1.1.100.202309141235/tools/bin/../lib/gcc/arm-none-eabi/11.3.1/../../../../arm-none-eabi/lib/thumb/v7-m/nofp\libc_nano.a(libc_a-isattyr.o)
                0x00000000080042dc                _isatty_r
 *(.glue_7)
 .glue_7        0x00000000080042fc        0x0 linker stubs
 *(.glue_7t)
 .glue_7t       0x00000000080042fc        0x0 linker stubs
 *(.eh_frame)
 .eh_frame      0x00000000080042fc        0x0 D:/ST/STM32CubeIDE_1.13.2/STM32CubeIDE/plugins/com.st.stm32cube.ide.mcu.externaltools.gnu-tools-for-stm32.11.3.rel1.win32_1.1.100.202309141235/tools/bin/../lib/gcc/arm-none-eabi/11.3.1/thumb/v7-m/nofp/crtbegin.o
 *(.init)
 .init          0x00000000080042fc        0x4 D:/ST/STM32CubeIDE_1.13.2/STM32CubeIDE/plugins/com.st.stm32cube.ide.mcu.externaltools.gnu-tools-for-stm32.11.3.rel1.win32_1.1.100.202309141235/tools/bin/../lib/gcc/arm-none-eabi/11.3.1/thumb/v7-m/nofp/crti.o
                0x00000000080042fc                _init
 .init          0x0000000008004300        0x8 D:/ST/STM32CubeIDE_1.13.2/STM32CubeIDE/plugins/com.st.stm32cube.ide.mcu.externaltools.gnu-tools-for-stm32.11.3.rel1.win32_1.1.100.202309141235/tools/bin/../lib/gcc/arm-none-eabi/11.3.1/thumb/v7-m/nofp/crtn.o
 *(.fini)
 .fini          0x0000000008004308        0x4 D:/ST/STM32CubeIDE_1.13.2/STM32CubeIDE/plugins/com.st.stm32cube.ide.mcu.externaltools.gnu-tools-for-stm32.11.3.rel1.win32_1.1.100.202309141235/tools/bin/../lib/gcc/arm-none-eabi/11.3.1/thumb/v7-m/nofp/crti.o
                0x0000000008004308                _fini
 .fini          0x000000000800430c        0x8 D:/ST/STM32CubeIDE_1.13.2/STM32CubeIDE/plugins/com.st.stm32cube.ide.mcu.externaltools.gnu-tools-for-stm32.11.3.rel1.win32_1.1.100.202309141235/tools/bin/../lib/gcc/arm-none-eabi/11.3.1/thumb/v7-m/nofp/crtn.o
                0x0000000008004314                . = ALIGN (0x4)
                0x0000000008004314                _etext = .

.vfp11_veneer   0x0000000008004314        0x0
 .vfp11_veneer  0x0000000008004314        0x0 linker stubs

.v4_bx          0x0000000008004314        0x0
 .v4_bx         0x0000000008004314        0x0 linker stubs

.iplt           0x0000000008004314        0x0
 .iplt          0x0000000008004314        0x0 D:/ST/STM32CubeIDE_1.13.2/STM32CubeIDE/plugins/com.st.stm32cube.ide.mcu.externaltools.gnu-tools-for-stm32.11.3.rel1.win32_1.1.100.202309141235/tools/bin/../lib/gcc/arm-none-eabi/11.3.1/thumb/v7-m/nofp/crtbegin.o

.rodata         0x0000000008004314      0x3ec
                0x0000000008004314                . = ALIGN (0x4)
 *(.rodata)
 .rodata        0x0000000008004314       0xff ./Drivers/freemodbus-port-hal-stm32f1xx-master/Src/mbrtu.o
 *(.rodata*)
 *fill*         0x0000000008004413        0x1 
 .rodata.AHBPrescTable
                0x0000000008004414       0x10 ./Core/Src/system_stm32f1xx.o
                0x0000000008004414                AHBPrescTable
 .rodata.APBPrescTable
                0x0000000008004424        0x8 ./Core/Src/system_stm32f1xx.o
                0x0000000008004424                APBPrescTable
 .rodata.aPLLMULFactorTable.1
                0x000000000800442c       0x10 ./Drivers/STM32F1xx_HAL_Driver/Src/stm32f1xx_hal_rcc.o
 .rodata.aPredivFactorTable.0
                0x000000000800443c        0x2 ./Drivers/STM32F1xx_HAL_Driver/Src/stm32f1xx_hal_rcc.o
 *fill*         0x000000000800443e        0x2 
 .rodata.aucCRCHi
                0x0000000008004440      0x100 ./Drivers/freemodbus-port-hal-stm32f1xx-master/Src/mbcrc.o
 .rodata.aucCRCLo
                0x0000000008004540      0x100 ./Drivers/freemodbus-port-hal-stm32f1xx-master/Src/mbcrc.o
 .rodata.__func__.3
                0x0000000008004640        0xe ./Drivers/freemodbus-port-hal-stm32f1xx-master/Src/mbrtu.o
 *fill*         0x000000000800464e        0x2 
 .rodata.__func__.2
                0x0000000008004650       0x11 ./Drivers/freemodbus-port-hal-stm32f1xx-master/Src/mbrtu.o
 *fill*         0x0000000008004661        0x3 
 .rodata.__func__.1
                0x0000000008004664       0x12 ./Drivers/freemodbus-port-hal-stm32f1xx-master/Src/mbrtu.o
 *fill*         0x0000000008004676        0x2 
 .rodata.__func__.0
                0x0000000008004678       0x16 ./Drivers/freemodbus-port-hal-stm32f1xx-master/Src/mbrtu.o
 .rodata.__assert_func.str1.1
                0x000000000800468e       0x3c D:/ST/STM32CubeIDE_1.13.2/STM32CubeIDE/plugins/com.st.stm32cube.ide.mcu.externaltools.gnu-tools-for-stm32.11.3.rel1.win32_1.1.100.202309141235/tools/bin/../lib/gcc/arm-none-eabi/11.3.1/../../../../arm-none-eabi/lib/thumb/v7-m/nofp\libc_nano.a(libc_a-assert.o)
                                         0x3d (size before relaxing)
 .rodata._vfprintf_r.str1.1
                0x00000000080046ca       0x11 D:/ST/STM32CubeIDE_1.13.2/STM32CubeIDE/plugins/com.st.stm32cube.ide.mcu.externaltools.gnu-tools-for-stm32.11.3.rel1.win32_1.1.100.202309141235/tools/bin/../lib/gcc/arm-none-eabi/11.3.1/../../../../arm-none-eabi/lib/thumb/v7-m/nofp\libc_nano.a(libc_a-nano-vfprintf.o)
 .rodata._printf_i.str1.1
                0x00000000080046db       0x22 D:/ST/STM32CubeIDE_1.13.2/STM32CubeIDE/plugins/com.st.stm32cube.ide.mcu.externaltools.gnu-tools-for-stm32.11.3.rel1.win32_1.1.100.202309141235/tools/bin/../lib/gcc/arm-none-eabi/11.3.1/../../../../arm-none-eabi/lib/thumb/v7-m/nofp\libc_nano.a(libc_a-nano-vfprintf_i.o)
                0x0000000008004700                . = ALIGN (0x4)
 *fill*         0x00000000080046fd        0x3 

.rel.dyn        0x0000000008004700        0x0
 .rel.iplt      0x0000000008004700        0x0 D:/ST/STM32CubeIDE_1.13.2/STM32CubeIDE/plugins/com.st.stm32cube.ide.mcu.externaltools.gnu-tools-for-stm32.11.3.rel1.win32_1.1.100.202309141235/tools/bin/../lib/gcc/arm-none-eabi/11.3.1/thumb/v7-m/nofp/crtbegin.o

.ARM.extab      0x0000000008004700        0x0
                0x0000000008004700                . = ALIGN (0x4)
 *(.ARM.extab* .gnu.linkonce.armextab.*)
                0x0000000008004700                . = ALIGN (0x4)

.ARM            0x0000000008004700        0x0
                0x0000000008004700                . = ALIGN (0x4)
                0x0000000008004700                __exidx_start = .
 *(.ARM.exidx*)
                0x0000000008004700                __exidx_end = .
                0x0000000008004700                . = ALIGN (0x4)

.preinit_array  0x0000000008004700        0x0
                0x0000000008004700                . = ALIGN (0x4)
                0x0000000008004700                PROVIDE (__preinit_array_start = .)
 *(.preinit_array*)
                0x0000000008004700                PROVIDE (__preinit_array_end = .)
                0x0000000008004700                . = ALIGN (0x4)

.init_array     0x0000000008004700        0x4
                0x0000000008004700                . = ALIGN (0x4)
                0x0000000008004700                PROVIDE (__init_array_start = .)
 *(SORT_BY_NAME(.init_array.*))
 *(.init_array*)
 .init_array    0x0000000008004700        0x4 D:/ST/STM32CubeIDE_1.13.2/STM32CubeIDE/plugins/com.st.stm32cube.ide.mcu.externaltools.gnu-tools-for-stm32.11.3.rel1.win32_1.1.100.202309141235/tools/bin/../lib/gcc/arm-none-eabi/11.3.1/thumb/v7-m/nofp/crtbegin.o
                0x0000000008004704                PROVIDE (__init_array_end = .)
                0x0000000008004704                . = ALIGN (0x4)

.fini_array     0x0000000008004704        0x4
                0x0000000008004704                . = ALIGN (0x4)
                [!provide]                        PROVIDE (__fini_array_start = .)
 *(SORT_BY_NAME(.fini_array.*))
 *(.fini_array*)
 .fini_array    0x0000000008004704        0x4 D:/ST/STM32CubeIDE_1.13.2/STM32CubeIDE/plugins/com.st.stm32cube.ide.mcu.externaltools.gnu-tools-for-stm32.11.3.rel1.win32_1.1.100.202309141235/tools/bin/../lib/gcc/arm-none-eabi/11.3.1/thumb/v7-m/nofp/crtbegin.o
                [!provide]                        PROVIDE (__fini_array_end = .)
                0x0000000008004708                . = ALIGN (0x4)
                0x0000000008004708                _sidata = LOADADDR (.data)

.data           0x0000000020000000       0xec load address 0x0000000008004708
                0x0000000020000000                . = ALIGN (0x4)
                0x0000000020000000                _sdata = .
 *(.data)
 *(.data*)
 .data.usRegInputStart
                0x0000000020000000        0x2 ./Core/Src/main.o
 .data.usRegHoldingStart
                0x0000000020000002        0x2 ./Core/Src/main.o
 .data.SystemCoreClock
                0x0000000020000004        0x4 ./Core/Src/system_stm32f1xx.o
                0x0000000020000004                SystemCoreClock
 .data.uwTickPrio
                0x0000000020000008        0x4 ./Drivers/STM32F1xx_HAL_Driver/Src/stm32f1xx_hal.o
                0x0000000020000008                uwTickPrio
 .data.uwTickFreq
                0x000000002000000c        0x1 ./Drivers/STM32F1xx_HAL_Driver/Src/stm32f1xx_hal.o
                0x000000002000000c                uwTickFreq
 .data.eMBState
                0x000000002000000d        0x1 ./Drivers/freemodbus-port-hal-stm32f1xx-master/Src/mb.o
 *fill*         0x000000002000000e        0x2 
 .data.xFuncHandlers
                0x0000000020000010       0x80 ./Drivers/freemodbus-port-hal-stm32f1xx-master/Src/mb.o
 .data.__sglue  0x0000000020000090        0xc D:/ST/STM32CubeIDE_1.13.2/STM32CubeIDE/plugins/com.st.stm32cube.ide.mcu.externaltools.gnu-tools-for-stm32.11.3.rel1.win32_1.1.100.202309141235/tools/bin/../lib/gcc/arm-none-eabi/11.3.1/../../../../arm-none-eabi/lib/thumb/v7-m/nofp\libc_nano.a(libc_a-findfp.o)
                0x0000000020000090                __sglue
 .data._impure_data
                0x000000002000009c       0x4c D:/ST/STM32CubeIDE_1.13.2/STM32CubeIDE/plugins/com.st.stm32cube.ide.mcu.externaltools.gnu-tools-for-stm32.11.3.rel1.win32_1.1.100.202309141235/tools/bin/../lib/gcc/arm-none-eabi/11.3.1/../../../../arm-none-eabi/lib/thumb/v7-m/nofp\libc_nano.a(libc_a-impure.o)
                0x000000002000009c                _impure_data
 .data._impure_ptr
                0x00000000200000e8        0x4 D:/ST/STM32CubeIDE_1.13.2/STM32CubeIDE/plugins/com.st.stm32cube.ide.mcu.externaltools.gnu-tools-for-stm32.11.3.rel1.win32_1.1.100.202309141235/tools/bin/../lib/gcc/arm-none-eabi/11.3.1/../../../../arm-none-eabi/lib/thumb/v7-m/nofp\libc_nano.a(libc_a-impure.o)
                0x00000000200000e8                _impure_ptr
 *(.RamFunc)
 *(.RamFunc*)
                0x00000000200000ec                . = ALIGN (0x4)
                0x00000000200000ec                _edata = .

.igot.plt       0x00000000200000ec        0x0 load address 0x00000000080047f4
 .igot.plt      0x00000000200000ec        0x0 D:/ST/STM32CubeIDE_1.13.2/STM32CubeIDE/plugins/com.st.stm32cube.ide.mcu.externaltools.gnu-tools-for-stm32.11.3.rel1.win32_1.1.100.202309141235/tools/bin/../lib/gcc/arm-none-eabi/11.3.1/thumb/v7-m/nofp/crtbegin.o
                0x00000000200000ec                . = ALIGN (0x4)

.bss            0x00000000200000ec      0x384 load address 0x00000000080047f4
                0x00000000200000ec                _sbss = .
                0x00000000200000ec                __bss_start__ = _sbss
 *(.bss)
 .bss           0x00000000200000ec       0x1c D:/ST/STM32CubeIDE_1.13.2/STM32CubeIDE/plugins/com.st.stm32cube.ide.mcu.externaltools.gnu-tools-for-stm32.11.3.rel1.win32_1.1.100.202309141235/tools/bin/../lib/gcc/arm-none-eabi/11.3.1/thumb/v7-m/nofp/crtbegin.o
 *(.bss*)
 .bss.htim3     0x0000000020000108       0x48 ./Core/Src/main.o
                0x0000000020000108                htim3
 .bss.huart1    0x0000000020000150       0x48 ./Core/Src/main.o
                0x0000000020000150                huart1
 .bss.usRegInputBuf
                0x0000000020000198        0x4 ./Core/Src/main.o
 .bss.usRegHoldingBuf
                0x000000002000019c        0x4 ./Core/Src/main.o
 .bss.__sbrk_heap_end
                0x00000000200001a0        0x4 ./Core/Src/sysmem.o
 .bss.uwTick    0x00000000200001a4        0x4 ./Drivers/STM32F1xx_HAL_Driver/Src/stm32f1xx_hal.o
                0x00000000200001a4                uwTick
 .bss.ucMBAddress
                0x00000000200001a8        0x1 ./Drivers/freemodbus-port-hal-stm32f1xx-master/Src/mb.o
 .bss.eMBCurrentMode
                0x00000000200001a9        0x1 ./Drivers/freemodbus-port-hal-stm32f1xx-master/Src/mb.o
 *fill*         0x00000000200001aa        0x2 
 .bss.peMBFrameSendCur
                0x00000000200001ac        0x4 ./Drivers/freemodbus-port-hal-stm32f1xx-master/Src/mb.o
 .bss.pvMBFrameStartCur
                0x00000000200001b0        0x4 ./Drivers/freemodbus-port-hal-stm32f1xx-master/Src/mb.o
 .bss.pvMBFrameStopCur
                0x00000000200001b4        0x4 ./Drivers/freemodbus-port-hal-stm32f1xx-master/Src/mb.o
 .bss.peMBFrameReceiveCur
                0x00000000200001b8        0x4 ./Drivers/freemodbus-port-hal-stm32f1xx-master/Src/mb.o
 .bss.pvMBFrameCloseCur
                0x00000000200001bc        0x4 ./Drivers/freemodbus-port-hal-stm32f1xx-master/Src/mb.o
 .bss.pxMBFrameCBByteReceived
                0x00000000200001c0        0x4 ./Drivers/freemodbus-port-hal-stm32f1xx-master/Src/mb.o
                0x00000000200001c0                pxMBFrameCBByteReceived
 .bss.pxMBFrameCBTransmitterEmpty
                0x00000000200001c4        0x4 ./Drivers/freemodbus-port-hal-stm32f1xx-master/Src/mb.o
                0x00000000200001c4                pxMBFrameCBTransmitterEmpty
 .bss.pxMBPortCBTimerExpired
                0x00000000200001c8        0x4 ./Drivers/freemodbus-port-hal-stm32f1xx-master/Src/mb.o
                0x00000000200001c8                pxMBPortCBTimerExpired
 .bss.ucRcvAddress.4
                0x00000000200001cc        0x1 ./Drivers/freemodbus-port-hal-stm32f1xx-master/Src/mb.o
 *fill*         0x00000000200001cd        0x3 
 .bss.ucMBFrame.3
                0x00000000200001d0        0x4 ./Drivers/freemodbus-port-hal-stm32f1xx-master/Src/mb.o
 .bss.usLength.2
                0x00000000200001d4        0x2 ./Drivers/freemodbus-port-hal-stm32f1xx-master/Src/mb.o
 .bss.ucFunctionCode.1
                0x00000000200001d6        0x1 ./Drivers/freemodbus-port-hal-stm32f1xx-master/Src/mb.o
 .bss.eException.0
                0x00000000200001d7        0x1 ./Drivers/freemodbus-port-hal-stm32f1xx-master/Src/mb.o
 .bss.ucMBSlaveID
                0x00000000200001d8       0x20 ./Drivers/freemodbus-port-hal-stm32f1xx-master/Src/mbfuncother.o
 .bss.usMBSlaveIDLen
                0x00000000200001f8        0x2 ./Drivers/freemodbus-port-hal-stm32f1xx-master/Src/mbfuncother.o
 .bss.eSndState
                0x00000000200001fa        0x1 ./Drivers/freemodbus-port-hal-stm32f1xx-master/Src/mbrtu.o
 .bss.eRcvState
                0x00000000200001fb        0x1 ./Drivers/freemodbus-port-hal-stm32f1xx-master/Src/mbrtu.o
 .bss.ucRTUBuf  0x00000000200001fc      0x100 ./Drivers/freemodbus-port-hal-stm32f1xx-master/Src/mbrtu.o
                0x00000000200001fc                ucRTUBuf
 .bss.pucSndBufferCur
                0x00000000200002fc        0x4 ./Drivers/freemodbus-port-hal-stm32f1xx-master/Src/mbrtu.o
 .bss.usSndBufferCount
                0x0000000020000300        0x2 ./Drivers/freemodbus-port-hal-stm32f1xx-master/Src/mbrtu.o
 .bss.usRcvBufferPos
                0x0000000020000302        0x2 ./Drivers/freemodbus-port-hal-stm32f1xx-master/Src/mbrtu.o
 .bss.lock_nesting_count
                0x0000000020000304        0x4 ./Drivers/freemodbus-port-hal-stm32f1xx-master/Src/port.o
 .bss.eQueuedEvent
                0x0000000020000308        0x1 ./Drivers/freemodbus-port-hal-stm32f1xx-master/Src/portevent.o
 .bss.xEventInQueue
                0x0000000020000309        0x1 ./Drivers/freemodbus-port-hal-stm32f1xx-master/Src/portevent.o
 *fill*         0x000000002000030a        0x2 
 .bss.huart     0x000000002000030c        0x4 ./Drivers/freemodbus-port-hal-stm32f1xx-master/Src/portserial.o
 .bss.TX_Enable_Pin
                0x0000000020000310        0x2 ./Drivers/freemodbus-port-hal-stm32f1xx-master/Src/portserial.o
 *fill*         0x0000000020000312        0x2 
 .bss.TX_Enable_GPIO
                0x0000000020000314        0x4 ./Drivers/freemodbus-port-hal-stm32f1xx-master/Src/portserial.o
 .bss.Byte_Received
                0x0000000020000318        0x1 ./Drivers/freemodbus-port-hal-stm32f1xx-master/Src/portserial.o
 *fill*         0x0000000020000319        0x3 
 .bss.htim      0x000000002000031c        0x4 ./Drivers/freemodbus-port-hal-stm32f1xx-master/Src/porttimer.o
 .bss.timeout   0x0000000020000320        0x2 ./Drivers/freemodbus-port-hal-stm32f1xx-master/Src/porttimer.o
 .bss.counter   0x0000000020000322        0x2 ./Drivers/freemodbus-port-hal-stm32f1xx-master/Src/porttimer.o
 .bss.__sf      0x0000000020000324      0x138 D:/ST/STM32CubeIDE_1.13.2/STM32CubeIDE/plugins/com.st.stm32cube.ide.mcu.externaltools.gnu-tools-for-stm32.11.3.rel1.win32_1.1.100.202309141235/tools/bin/../lib/gcc/arm-none-eabi/11.3.1/../../../../arm-none-eabi/lib/thumb/v7-m/nofp\libc_nano.a(libc_a-findfp.o)
                0x0000000020000324                __sf
 .bss.__stdio_exit_handler
                0x000000002000045c        0x4 D:/ST/STM32CubeIDE_1.13.2/STM32CubeIDE/plugins/com.st.stm32cube.ide.mcu.externaltools.gnu-tools-for-stm32.11.3.rel1.win32_1.1.100.202309141235/tools/bin/../lib/gcc/arm-none-eabi/11.3.1/../../../../arm-none-eabi/lib/thumb/v7-m/nofp\libc_nano.a(libc_a-findfp.o)
                0x000000002000045c                __stdio_exit_handler
 .bss.errno     0x0000000020000460        0x4 D:/ST/STM32CubeIDE_1.13.2/STM32CubeIDE/plugins/com.st.stm32cube.ide.mcu.externaltools.gnu-tools-for-stm32.11.3.rel1.win32_1.1.100.202309141235/tools/bin/../lib/gcc/arm-none-eabi/11.3.1/../../../../arm-none-eabi/lib/thumb/v7-m/nofp\libc_nano.a(libc_a-reent.o)
                0x0000000020000460                errno
 .bss.__lock___malloc_recursive_mutex
                0x0000000020000464        0x1 D:/ST/STM32CubeIDE_1.13.2/STM32CubeIDE/plugins/com.st.stm32cube.ide.mcu.externaltools.gnu-tools-for-stm32.11.3.rel1.win32_1.1.100.202309141235/tools/bin/../lib/gcc/arm-none-eabi/11.3.1/../../../../arm-none-eabi/lib/thumb/v7-m/nofp\libc_nano.a(libc_a-lock.o)
                0x0000000020000464                __lock___malloc_recursive_mutex
 .bss.__lock___sfp_recursive_mutex
                0x0000000020000465        0x1 D:/ST/STM32CubeIDE_1.13.2/STM32CubeIDE/plugins/com.st.stm32cube.ide.mcu.externaltools.gnu-tools-for-stm32.11.3.rel1.win32_1.1.100.202309141235/tools/bin/../lib/gcc/arm-none-eabi/11.3.1/../../../../arm-none-eabi/lib/thumb/v7-m/nofp\libc_nano.a(libc_a-lock.o)
                0x0000000020000465                __lock___sfp_recursive_mutex
 *fill*         0x0000000020000466        0x2 
 .bss.__malloc_free_list
                0x0000000020000468        0x4 D:/ST/STM32CubeIDE_1.13.2/STM32CubeIDE/plugins/com.st.stm32cube.ide.mcu.externaltools.gnu-tools-for-stm32.11.3.rel1.win32_1.1.100.202309141235/tools/bin/../lib/gcc/arm-none-eabi/11.3.1/../../../../arm-none-eabi/lib/thumb/v7-m/nofp\libc_nano.a(libc_a-mallocr.o)
                0x0000000020000468                __malloc_free_list
 .bss.__malloc_sbrk_start
                0x000000002000046c        0x4 D:/ST/STM32CubeIDE_1.13.2/STM32CubeIDE/plugins/com.st.stm32cube.ide.mcu.externaltools.gnu-tools-for-stm32.11.3.rel1.win32_1.1.100.202309141235/tools/bin/../lib/gcc/arm-none-eabi/11.3.1/../../../../arm-none-eabi/lib/thumb/v7-m/nofp\libc_nano.a(libc_a-mallocr.o)
                0x000000002000046c                __malloc_sbrk_start
 *(COMMON)
                0x0000000020000470                . = ALIGN (0x4)
                0x0000000020000470                _ebss = .
                0x0000000020000470                __bss_end__ = _ebss

._user_heap_stack
                0x0000000020000470      0x600 load address 0x00000000080047f4
                0x0000000020000470                . = ALIGN (0x8)
                [!provide]                        PROVIDE (end = .)
                0x0000000020000470                PROVIDE (_end = .)
                0x0000000020000670                . = (. + _Min_Heap_Size)
 *fill*         0x0000000020000470      0x200 
                0x0000000020000a70                . = (. + _Min_Stack_Size)
 *fill*         0x0000000020000670      0x400 
                0x0000000020000a70                . = ALIGN (0x8)

/DISCARD/
 libc.a(*)
 libm.a(*)
 libgcc.a(*)

.ARM.attributes
                0x0000000000000000       0x29
 *(.ARM.attributes)
 .ARM.attributes
                0x0000000000000000       0x1d D:/ST/STM32CubeIDE_1.13.2/STM32CubeIDE/plugins/com.st.stm32cube.ide.mcu.externaltools.gnu-tools-for-stm32.11.3.rel1.win32_1.1.100.202309141235/tools/bin/../lib/gcc/arm-none-eabi/11.3.1/thumb/v7-m/nofp/crti.o
 .ARM.attributes
                0x000000000000001d       0x2d D:/ST/STM32CubeIDE_1.13.2/STM32CubeIDE/plugins/com.st.stm32cube.ide.mcu.externaltools.gnu-tools-for-stm32.11.3.rel1.win32_1.1.100.202309141235/tools/bin/../lib/gcc/arm-none-eabi/11.3.1/thumb/v7-m/nofp/crtbegin.o
 .ARM.attributes
                0x000000000000004a       0x2d ./Core/Src/main.o
 .ARM.attributes
                0x0000000000000077       0x2d ./Core/Src/stm32f1xx_hal_msp.o
 .ARM.attributes
                0x00000000000000a4       0x2d ./Core/Src/stm32f1xx_it.o
 .ARM.attributes
                0x00000000000000d1       0x2d ./Core/Src/syscalls.o
 .ARM.attributes
                0x00000000000000fe       0x2d ./Core/Src/sysmem.o
 .ARM.attributes
                0x000000000000012b       0x2d ./Core/Src/system_stm32f1xx.o
 .ARM.attributes
                0x0000000000000158       0x21 ./Core/Startup/startup_stm32f103c8tx.o
 .ARM.attributes
                0x0000000000000179       0x2d ./Drivers/STM32F1xx_HAL_Driver/Src/stm32f1xx_hal.o
 .ARM.attributes
                0x00000000000001a6       0x2d ./Drivers/STM32F1xx_HAL_Driver/Src/stm32f1xx_hal_cortex.o
 .ARM.attributes
                0x00000000000001d3       0x2d ./Drivers/STM32F1xx_HAL_Driver/Src/stm32f1xx_hal_dma.o
 .ARM.attributes
                0x0000000000000200       0x2d ./Drivers/STM32F1xx_HAL_Driver/Src/stm32f1xx_hal_gpio.o
 .ARM.attributes
                0x000000000000022d       0x2d ./Drivers/STM32F1xx_HAL_Driver/Src/stm32f1xx_hal_rcc.o
 .ARM.attributes
                0x000000000000025a       0x2d ./Drivers/STM32F1xx_HAL_Driver/Src/stm32f1xx_hal_tim.o
 .ARM.attributes
                0x0000000000000287       0x2d ./Drivers/STM32F1xx_HAL_Driver/Src/stm32f1xx_hal_tim_ex.o
 .ARM.attributes
                0x00000000000002b4       0x2d ./Drivers/STM32F1xx_HAL_Driver/Src/stm32f1xx_hal_uart.o
 .ARM.attributes
                0x00000000000002e1       0x2d ./Drivers/freemodbus-port-hal-stm32f1xx-master/Src/mb.o
 .ARM.attributes
                0x000000000000030e       0x2d ./Drivers/freemodbus-port-hal-stm32f1xx-master/Src/mbcrc.o
 .ARM.attributes
                0x000000000000033b       0x2d ./Drivers/freemodbus-port-hal-stm32f1xx-master/Src/mbfunccoils.o
 .ARM.attributes
                0x0000000000000368       0x2d ./Drivers/freemodbus-port-hal-stm32f1xx-master/Src/mbfuncdisc.o
 .ARM.attributes
                0x0000000000000395       0x2d ./Drivers/freemodbus-port-hal-stm32f1xx-master/Src/mbfuncholding.o
 .ARM.attributes
                0x00000000000003c2       0x2d ./Drivers/freemodbus-port-hal-stm32f1xx-master/Src/mbfuncinput.o
 .ARM.attributes
                0x00000000000003ef       0x2d ./Drivers/freemodbus-port-hal-stm32f1xx-master/Src/mbfuncother.o
 .ARM.attributes
                0x000000000000041c       0x2d ./Drivers/freemodbus-port-hal-stm32f1xx-master/Src/mbrtu.o
 .ARM.attributes
                0x0000000000000449       0x2d ./Drivers/freemodbus-port-hal-stm32f1xx-master/Src/mbutils.o
 .ARM.attributes
                0x0000000000000476       0x2d ./Drivers/freemodbus-port-hal-stm32f1xx-master/Src/port.o
 .ARM.attributes
                0x00000000000004a3       0x2d ./Drivers/freemodbus-port-hal-stm32f1xx-master/Src/portevent.o
 .ARM.attributes
                0x00000000000004d0       0x2d ./Drivers/freemodbus-port-hal-stm32f1xx-master/Src/portserial.o
 .ARM.attributes
                0x00000000000004fd       0x2d ./Drivers/freemodbus-port-hal-stm32f1xx-master/Src/porttimer.o
 .ARM.attributes
                0x000000000000052a       0x2d D:/ST/STM32CubeIDE_1.13.2/STM32CubeIDE/plugins/com.st.stm32cube.ide.mcu.externaltools.gnu-tools-for-stm32.11.3.rel1.win32_1.1.100.202309141235/tools/bin/../lib/gcc/arm-none-eabi/11.3.1/../../../../arm-none-eabi/lib/thumb/v7-m/nofp\libc_nano.a(libc_a-assert.o)
 .ARM.attributes
                0x0000000000000557       0x2d D:/ST/STM32CubeIDE_1.13.2/STM32CubeIDE/plugins/com.st.stm32cube.ide.mcu.externaltools.gnu-tools-for-stm32.11.3.rel1.win32_1.1.100.202309141235/tools/bin/../lib/gcc/arm-none-eabi/11.3.1/../../../../arm-none-eabi/lib/thumb/v7-m/nofp\libc_nano.a(libc_a-findfp.o)
 .ARM.attributes
                0x0000000000000584       0x2d D:/ST/STM32CubeIDE_1.13.2/STM32CubeIDE/plugins/com.st.stm32cube.ide.mcu.externaltools.gnu-tools-for-stm32.11.3.rel1.win32_1.1.100.202309141235/tools/bin/../lib/gcc/arm-none-eabi/11.3.1/../../../../arm-none-eabi/lib/thumb/v7-m/nofp\libc_nano.a(libc_a-fprintf.o)
 .ARM.attributes
                0x00000000000005b1       0x2d D:/ST/STM32CubeIDE_1.13.2/STM32CubeIDE/plugins/com.st.stm32cube.ide.mcu.externaltools.gnu-tools-for-stm32.11.3.rel1.win32_1.1.100.202309141235/tools/bin/../lib/gcc/arm-none-eabi/11.3.1/../../../../arm-none-eabi/lib/thumb/v7-m/nofp\libc_nano.a(libc_a-fwalk.o)
 .ARM.attributes
                0x00000000000005de       0x2d D:/ST/STM32CubeIDE_1.13.2/STM32CubeIDE/plugins/com.st.stm32cube.ide.mcu.externaltools.gnu-tools-for-stm32.11.3.rel1.win32_1.1.100.202309141235/tools/bin/../lib/gcc/arm-none-eabi/11.3.1/../../../../arm-none-eabi/lib/thumb/v7-m/nofp\libc_nano.a(libc_a-stdio.o)
 .ARM.attributes
                0x000000000000060b       0x2d D:/ST/STM32CubeIDE_1.13.2/STM32CubeIDE/plugins/com.st.stm32cube.ide.mcu.externaltools.gnu-tools-for-stm32.11.3.rel1.win32_1.1.100.202309141235/tools/bin/../lib/gcc/arm-none-eabi/11.3.1/../../../../arm-none-eabi/lib/thumb/v7-m/nofp\libc_nano.a(libc_a-memset.o)
 .ARM.attributes
                0x0000000000000638       0x2d D:/ST/STM32CubeIDE_1.13.2/STM32CubeIDE/plugins/com.st.stm32cube.ide.mcu.externaltools.gnu-tools-for-stm32.11.3.rel1.win32_1.1.100.202309141235/tools/bin/../lib/gcc/arm-none-eabi/11.3.1/../../../../arm-none-eabi/lib/thumb/v7-m/nofp\libc_nano.a(libc_a-closer.o)
 .ARM.attributes
                0x0000000000000665       0x2d D:/ST/STM32CubeIDE_1.13.2/STM32CubeIDE/plugins/com.st.stm32cube.ide.mcu.externaltools.gnu-tools-for-stm32.11.3.rel1.win32_1.1.100.202309141235/tools/bin/../lib/gcc/arm-none-eabi/11.3.1/../../../../arm-none-eabi/lib/thumb/v7-m/nofp\libc_nano.a(libc_a-reent.o)
 .ARM.attributes
                0x0000000000000692       0x2d D:/ST/STM32CubeIDE_1.13.2/STM32CubeIDE/plugins/com.st.stm32cube.ide.mcu.externaltools.gnu-tools-for-stm32.11.3.rel1.win32_1.1.100.202309141235/tools/bin/../lib/gcc/arm-none-eabi/11.3.1/../../../../arm-none-eabi/lib/thumb/v7-m/nofp\libc_nano.a(libc_a-impure.o)
 .ARM.attributes
                0x00000000000006bf       0x2d D:/ST/STM32CubeIDE_1.13.2/STM32CubeIDE/plugins/com.st.stm32cube.ide.mcu.externaltools.gnu-tools-for-stm32.11.3.rel1.win32_1.1.100.202309141235/tools/bin/../lib/gcc/arm-none-eabi/11.3.1/../../../../arm-none-eabi/lib/thumb/v7-m/nofp\libc_nano.a(libc_a-lseekr.o)
 .ARM.attributes
                0x00000000000006ec       0x2d D:/ST/STM32CubeIDE_1.13.2/STM32CubeIDE/plugins/com.st.stm32cube.ide.mcu.externaltools.gnu-tools-for-stm32.11.3.rel1.win32_1.1.100.202309141235/tools/bin/../lib/gcc/arm-none-eabi/11.3.1/../../../../arm-none-eabi/lib/thumb/v7-m/nofp\libc_nano.a(libc_a-readr.o)
 .ARM.attributes
                0x0000000000000719       0x2d D:/ST/STM32CubeIDE_1.13.2/STM32CubeIDE/plugins/com.st.stm32cube.ide.mcu.externaltools.gnu-tools-for-stm32.11.3.rel1.win32_1.1.100.202309141235/tools/bin/../lib/gcc/arm-none-eabi/11.3.1/../../../../arm-none-eabi/lib/thumb/v7-m/nofp\libc_nano.a(libc_a-writer.o)
 .ARM.attributes
                0x0000000000000746       0x2d D:/ST/STM32CubeIDE_1.13.2/STM32CubeIDE/plugins/com.st.stm32cube.ide.mcu.externaltools.gnu-tools-for-stm32.11.3.rel1.win32_1.1.100.202309141235/tools/bin/../lib/gcc/arm-none-eabi/11.3.1/../../../../arm-none-eabi/lib/thumb/v7-m/nofp\libc_nano.a(libc_a-errno.o)
 .ARM.attributes
                0x0000000000000773       0x2d D:/ST/STM32CubeIDE_1.13.2/STM32CubeIDE/plugins/com.st.stm32cube.ide.mcu.externaltools.gnu-tools-for-stm32.11.3.rel1.win32_1.1.100.202309141235/tools/bin/../lib/gcc/arm-none-eabi/11.3.1/../../../../arm-none-eabi/lib/thumb/v7-m/nofp\libc_nano.a(libc_a-init.o)
 .ARM.attributes
                0x00000000000007a0       0x2d D:/ST/STM32CubeIDE_1.13.2/STM32CubeIDE/plugins/com.st.stm32cube.ide.mcu.externaltools.gnu-tools-for-stm32.11.3.rel1.win32_1.1.100.202309141235/tools/bin/../lib/gcc/arm-none-eabi/11.3.1/../../../../arm-none-eabi/lib/thumb/v7-m/nofp\libc_nano.a(libc_a-lock.o)
 .ARM.attributes
                0x00000000000007cd       0x2d D:/ST/STM32CubeIDE_1.13.2/STM32CubeIDE/plugins/com.st.stm32cube.ide.mcu.externaltools.gnu-tools-for-stm32.11.3.rel1.win32_1.1.100.202309141235/tools/bin/../lib/gcc/arm-none-eabi/11.3.1/../../../../arm-none-eabi/lib/thumb/v7-m/nofp\libc_nano.a(libc_a-memcpy-stub.o)
 .ARM.attributes
                0x00000000000007fa       0x2d D:/ST/STM32CubeIDE_1.13.2/STM32CubeIDE/plugins/com.st.stm32cube.ide.mcu.externaltools.gnu-tools-for-stm32.11.3.rel1.win32_1.1.100.202309141235/tools/bin/../lib/gcc/arm-none-eabi/11.3.1/../../../../arm-none-eabi/lib/thumb/v7-m/nofp\libc_nano.a(libc_a-abort.o)
 .ARM.attributes
                0x0000000000000827       0x2d D:/ST/STM32CubeIDE_1.13.2/STM32CubeIDE/plugins/com.st.stm32cube.ide.mcu.externaltools.gnu-tools-for-stm32.11.3.rel1.win32_1.1.100.202309141235/tools/bin/../lib/gcc/arm-none-eabi/11.3.1/../../../../arm-none-eabi/lib/thumb/v7-m/nofp\libc_nano.a(libc_a-freer.o)
 .ARM.attributes
                0x0000000000000854       0x2d D:/ST/STM32CubeIDE_1.13.2/STM32CubeIDE/plugins/com.st.stm32cube.ide.mcu.externaltools.gnu-tools-for-stm32.11.3.rel1.win32_1.1.100.202309141235/tools/bin/../lib/gcc/arm-none-eabi/11.3.1/../../../../arm-none-eabi/lib/thumb/v7-m/nofp\libc_nano.a(libc_a-mallocr.o)
 .ARM.attributes
                0x0000000000000881       0x2d D:/ST/STM32CubeIDE_1.13.2/STM32CubeIDE/plugins/com.st.stm32cube.ide.mcu.externaltools.gnu-tools-for-stm32.11.3.rel1.win32_1.1.100.202309141235/tools/bin/../lib/gcc/arm-none-eabi/11.3.1/../../../../arm-none-eabi/lib/thumb/v7-m/nofp\libc_nano.a(libc_a-mlock.o)
 .ARM.attributes
                0x00000000000008ae       0x2d D:/ST/STM32CubeIDE_1.13.2/STM32CubeIDE/plugins/com.st.stm32cube.ide.mcu.externaltools.gnu-tools-for-stm32.11.3.rel1.win32_1.1.100.202309141235/tools/bin/../lib/gcc/arm-none-eabi/11.3.1/../../../../arm-none-eabi/lib/thumb/v7-m/nofp\libc_nano.a(libc_a-nano-vfprintf.o)
 .ARM.attributes
                0x00000000000008db       0x2d D:/ST/STM32CubeIDE_1.13.2/STM32CubeIDE/plugins/com.st.stm32cube.ide.mcu.externaltools.gnu-tools-for-stm32.11.3.rel1.win32_1.1.100.202309141235/tools/bin/../lib/gcc/arm-none-eabi/11.3.1/../../../../arm-none-eabi/lib/thumb/v7-m/nofp\libc_nano.a(libc_a-nano-vfprintf_i.o)
 .ARM.attributes
                0x0000000000000908       0x2d D:/ST/STM32CubeIDE_1.13.2/STM32CubeIDE/plugins/com.st.stm32cube.ide.mcu.externaltools.gnu-tools-for-stm32.11.3.rel1.win32_1.1.100.202309141235/tools/bin/../lib/gcc/arm-none-eabi/11.3.1/../../../../arm-none-eabi/lib/thumb/v7-m/nofp\libc_nano.a(libc_a-fflush.o)
 .ARM.attributes
                0x0000000000000935       0x2d D:/ST/STM32CubeIDE_1.13.2/STM32CubeIDE/plugins/com.st.stm32cube.ide.mcu.externaltools.gnu-tools-for-stm32.11.3.rel1.win32_1.1.100.202309141235/tools/bin/../lib/gcc/arm-none-eabi/11.3.1/../../../../arm-none-eabi/lib/thumb/v7-m/nofp\libc_nano.a(libc_a-wbuf.o)
 .ARM.attributes
                0x0000000000000962       0x2d D:/ST/STM32CubeIDE_1.13.2/STM32CubeIDE/plugins/com.st.stm32cube.ide.mcu.externaltools.gnu-tools-for-stm32.11.3.rel1.win32_1.1.100.202309141235/tools/bin/../lib/gcc/arm-none-eabi/11.3.1/../../../../arm-none-eabi/lib/thumb/v7-m/nofp\libc_nano.a(libc_a-wsetup.o)
 .ARM.attributes
                0x000000000000098f       0x2d D:/ST/STM32CubeIDE_1.13.2/STM32CubeIDE/plugins/com.st.stm32cube.ide.mcu.externaltools.gnu-tools-for-stm32.11.3.rel1.win32_1.1.100.202309141235/tools/bin/../lib/gcc/arm-none-eabi/11.3.1/../../../../arm-none-eabi/lib/thumb/v7-m/nofp\libc_nano.a(libc_a-signal.o)
 .ARM.attributes
                0x00000000000009bc       0x2d D:/ST/STM32CubeIDE_1.13.2/STM32CubeIDE/plugins/com.st.stm32cube.ide.mcu.externaltools.gnu-tools-for-stm32.11.3.rel1.win32_1.1.100.202309141235/tools/bin/../lib/gcc/arm-none-eabi/11.3.1/../../../../arm-none-eabi/lib/thumb/v7-m/nofp\libc_nano.a(libc_a-signalr.o)
 .ARM.attributes
                0x00000000000009e9       0x2d D:/ST/STM32CubeIDE_1.13.2/STM32CubeIDE/plugins/com.st.stm32cube.ide.mcu.externaltools.gnu-tools-for-stm32.11.3.rel1.win32_1.1.100.202309141235/tools/bin/../lib/gcc/arm-none-eabi/11.3.1/../../../../arm-none-eabi/lib/thumb/v7-m/nofp\libc_nano.a(libc_a-sbrkr.o)
 .ARM.attributes
                0x0000000000000a16       0x2d D:/ST/STM32CubeIDE_1.13.2/STM32CubeIDE/plugins/com.st.stm32cube.ide.mcu.externaltools.gnu-tools-for-stm32.11.3.rel1.win32_1.1.100.202309141235/tools/bin/../lib/gcc/arm-none-eabi/11.3.1/../../../../arm-none-eabi/lib/thumb/v7-m/nofp\libc_nano.a(libc_a-memchr-stub.o)
 .ARM.attributes
                0x0000000000000a43       0x2d D:/ST/STM32CubeIDE_1.13.2/STM32CubeIDE/plugins/com.st.stm32cube.ide.mcu.externaltools.gnu-tools-for-stm32.11.3.rel1.win32_1.1.100.202309141235/tools/bin/../lib/gcc/arm-none-eabi/11.3.1/../../../../arm-none-eabi/lib/thumb/v7-m/nofp\libc_nano.a(libc_a-makebuf.o)
 .ARM.attributes
                0x0000000000000a70       0x2d D:/ST/STM32CubeIDE_1.13.2/STM32CubeIDE/plugins/com.st.stm32cube.ide.mcu.externaltools.gnu-tools-for-stm32.11.3.rel1.win32_1.1.100.202309141235/tools/bin/../lib/gcc/arm-none-eabi/11.3.1/../../../../arm-none-eabi/lib/thumb/v7-m/nofp\libc_nano.a(libc_a-fstatr.o)
 .ARM.attributes
                0x0000000000000a9d       0x2d D:/ST/STM32CubeIDE_1.13.2/STM32CubeIDE/plugins/com.st.stm32cube.ide.mcu.externaltools.gnu-tools-for-stm32.11.3.rel1.win32_1.1.100.202309141235/tools/bin/../lib/gcc/arm-none-eabi/11.3.1/../../../../arm-none-eabi/lib/thumb/v7-m/nofp\libc_nano.a(libc_a-isattyr.o)
 .ARM.attributes
                0x0000000000000aca       0x1d D:/ST/STM32CubeIDE_1.13.2/STM32CubeIDE/plugins/com.st.stm32cube.ide.mcu.externaltools.gnu-tools-for-stm32.11.3.rel1.win32_1.1.100.202309141235/tools/bin/../lib/gcc/arm-none-eabi/11.3.1/thumb/v7-m/nofp/crtn.o
OUTPUT(weight.elf elf32-littlearm)
LOAD linker stubs
LOAD D:/ST/STM32CubeIDE_1.13.2/STM32CubeIDE/plugins/com.st.stm32cube.ide.mcu.externaltools.gnu-tools-for-stm32.11.3.rel1.win32_1.1.100.202309141235/tools/bin/../lib/gcc/arm-none-eabi/11.3.1/../../../../arm-none-eabi/lib/thumb/v7-m/nofp\libc.a
LOAD D:/ST/STM32CubeIDE_1.13.2/STM32CubeIDE/plugins/com.st.stm32cube.ide.mcu.externaltools.gnu-tools-for-stm32.11.3.rel1.win32_1.1.100.202309141235/tools/bin/../lib/gcc/arm-none-eabi/11.3.1/../../../../arm-none-eabi/lib/thumb/v7-m/nofp\libm.a
LOAD D:/ST/STM32CubeIDE_1.13.2/STM32CubeIDE/plugins/com.st.stm32cube.ide.mcu.externaltools.gnu-tools-for-stm32.11.3.rel1.win32_1.1.100.202309141235/tools/bin/../lib/gcc/arm-none-eabi/11.3.1/thumb/v7-m/nofp\libgcc.a

.comment        0x0000000000000000       0x43
 .comment       0x0000000000000000       0x43 D:/ST/STM32CubeIDE_1.13.2/STM32CubeIDE/plugins/com.st.stm32cube.ide.mcu.externaltools.gnu-tools-for-stm32.11.3.rel1.win32_1.1.100.202309141235/tools/bin/../lib/gcc/arm-none-eabi/11.3.1/thumb/v7-m/nofp/crtbegin.o
                                         0x44 (size before relaxing)
 .comment       0x0000000000000043       0x44 ./Core/Src/main.o
 .comment       0x0000000000000043       0x44 ./Core/Src/stm32f1xx_hal_msp.o
 .comment       0x0000000000000043       0x44 ./Core/Src/stm32f1xx_it.o
 .comment       0x0000000000000043       0x44 ./Core/Src/syscalls.o
 .comment       0x0000000000000043       0x44 ./Core/Src/sysmem.o
 .comment       0x0000000000000043       0x44 ./Core/Src/system_stm32f1xx.o
 .comment       0x0000000000000043       0x44 ./Drivers/STM32F1xx_HAL_Driver/Src/stm32f1xx_hal.o
 .comment       0x0000000000000043       0x44 ./Drivers/STM32F1xx_HAL_Driver/Src/stm32f1xx_hal_cortex.o
 .comment       0x0000000000000043       0x44 ./Drivers/STM32F1xx_HAL_Driver/Src/stm32f1xx_hal_dma.o
 .comment       0x0000000000000043       0x44 ./Drivers/STM32F1xx_HAL_Driver/Src/stm32f1xx_hal_gpio.o
 .comment       0x0000000000000043       0x44 ./Drivers/STM32F1xx_HAL_Driver/Src/stm32f1xx_hal_rcc.o
 .comment       0x0000000000000043       0x44 ./Drivers/STM32F1xx_HAL_Driver/Src/stm32f1xx_hal_tim.o
 .comment       0x0000000000000043       0x44 ./Drivers/STM32F1xx_HAL_Driver/Src/stm32f1xx_hal_tim_ex.o
 .comment       0x0000000000000043       0x44 ./Drivers/STM32F1xx_HAL_Driver/Src/stm32f1xx_hal_uart.o
 .comment       0x0000000000000043       0x44 ./Drivers/freemodbus-port-hal-stm32f1xx-master/Src/mb.o
 .comment       0x0000000000000043       0x44 ./Drivers/freemodbus-port-hal-stm32f1xx-master/Src/mbcrc.o
 .comment       0x0000000000000043       0x44 ./Drivers/freemodbus-port-hal-stm32f1xx-master/Src/mbfunccoils.o
 .comment       0x0000000000000043       0x44 ./Drivers/freemodbus-port-hal-stm32f1xx-master/Src/mbfuncdisc.o
 .comment       0x0000000000000043       0x44 ./Drivers/freemodbus-port-hal-stm32f1xx-master/Src/mbfuncholding.o
 .comment       0x0000000000000043       0x44 ./Drivers/freemodbus-port-hal-stm32f1xx-master/Src/mbfuncinput.o
 .comment       0x0000000000000043       0x44 ./Drivers/freemodbus-port-hal-stm32f1xx-master/Src/mbfuncother.o
 .comment       0x0000000000000043       0x44 ./Drivers/freemodbus-port-hal-stm32f1xx-master/Src/mbrtu.o
 .comment       0x0000000000000043       0x44 ./Drivers/freemodbus-port-hal-stm32f1xx-master/Src/mbutils.o
 .comment       0x0000000000000043       0x44 ./Drivers/freemodbus-port-hal-stm32f1xx-master/Src/port.o
 .comment       0x0000000000000043       0x44 ./Drivers/freemodbus-port-hal-stm32f1xx-master/Src/portevent.o
 .comment       0x0000000000000043       0x44 ./Drivers/freemodbus-port-hal-stm32f1xx-master/Src/portserial.o
 .comment       0x0000000000000043       0x44 ./Drivers/freemodbus-port-hal-stm32f1xx-master/Src/porttimer.o

.debug_info     0x0000000000000000     0xecf2
 .debug_info    0x0000000000000000     0x10c2 ./Core/Src/main.o
 .debug_info    0x00000000000010c2      0xb9c ./Core/Src/stm32f1xx_hal_msp.o
 .debug_info    0x0000000000001c5e      0x113 ./Core/Src/stm32f1xx_it.o
 .debug_info    0x0000000000001d71      0x6a3 ./Core/Src/syscalls.o
 .debug_info    0x0000000000002414      0x168 ./Core/Src/sysmem.o
 .debug_info    0x000000000000257c      0x222 ./Core/Src/system_stm32f1xx.o
 .debug_info    0x000000000000279e       0x23 ./Core/Startup/startup_stm32f103c8tx.o
 .debug_info    0x00000000000027c1      0x704 ./Drivers/STM32F1xx_HAL_Driver/Src/stm32f1xx_hal.o
 .debug_info    0x0000000000002ec5      0xa87 ./Drivers/STM32F1xx_HAL_Driver/Src/stm32f1xx_hal_cortex.o
 .debug_info    0x000000000000394c      0x6d2 ./Drivers/STM32F1xx_HAL_Driver/Src/stm32f1xx_hal_dma.o
 .debug_info    0x000000000000401e      0x5ab ./Drivers/STM32F1xx_HAL_Driver/Src/stm32f1xx_hal_gpio.o
 .debug_info    0x00000000000045c9      0x7d5 ./Drivers/STM32F1xx_HAL_Driver/Src/stm32f1xx_hal_rcc.o
 .debug_info    0x0000000000004d9e     0x293b ./Drivers/STM32F1xx_HAL_Driver/Src/stm32f1xx_hal_tim.o
 .debug_info    0x00000000000076d9     0x149b ./Drivers/STM32F1xx_HAL_Driver/Src/stm32f1xx_hal_tim_ex.o
 .debug_info    0x0000000000008b74     0x2fa8 ./Drivers/STM32F1xx_HAL_Driver/Src/stm32f1xx_hal_uart.o
 .debug_info    0x000000000000bb1c      0x7fc ./Drivers/freemodbus-port-hal-stm32f1xx-master/Src/mb.o
 .debug_info    0x000000000000c318      0x152 ./Drivers/freemodbus-port-hal-stm32f1xx-master/Src/mbcrc.o
 .debug_info    0x000000000000c46a      0x332 ./Drivers/freemodbus-port-hal-stm32f1xx-master/Src/mbfunccoils.o
 .debug_info    0x000000000000c79c      0x20b ./Drivers/freemodbus-port-hal-stm32f1xx-master/Src/mbfuncdisc.o
 .debug_info    0x000000000000c9a7      0x398 ./Drivers/freemodbus-port-hal-stm32f1xx-master/Src/mbfuncholding.o
 .debug_info    0x000000000000cd3f      0x1fe ./Drivers/freemodbus-port-hal-stm32f1xx-master/Src/mbfuncinput.o
 .debug_info    0x000000000000cf3d      0x27d ./Drivers/freemodbus-port-hal-stm32f1xx-master/Src/mbfuncother.o
 .debug_info    0x000000000000d1ba      0x5fe ./Drivers/freemodbus-port-hal-stm32f1xx-master/Src/mbrtu.o
 .debug_info    0x000000000000d7b8      0x2e6 ./Drivers/freemodbus-port-hal-stm32f1xx-master/Src/mbutils.o
 .debug_info    0x000000000000da9e       0xfd ./Drivers/freemodbus-port-hal-stm32f1xx-master/Src/port.o
 .debug_info    0x000000000000db9b      0x170 ./Drivers/freemodbus-port-hal-stm32f1xx-master/Src/portevent.o
 .debug_info    0x000000000000dd0b      0x888 ./Drivers/freemodbus-port-hal-stm32f1xx-master/Src/portserial.o
 .debug_info    0x000000000000e593      0x75f ./Drivers/freemodbus-port-hal-stm32f1xx-master/Src/porttimer.o

.debug_abbrev   0x0000000000000000     0x2b80
 .debug_abbrev  0x0000000000000000      0x2c1 ./Core/Src/main.o
 .debug_abbrev  0x00000000000002c1      0x1db ./Core/Src/stm32f1xx_hal_msp.o
 .debug_abbrev  0x000000000000049c       0x73 ./Core/Src/stm32f1xx_it.o
 .debug_abbrev  0x000000000000050f      0x1b6 ./Core/Src/syscalls.o
 .debug_abbrev  0x00000000000006c5       0xbc ./Core/Src/sysmem.o
 .debug_abbrev  0x0000000000000781      0x13f ./Core/Src/system_stm32f1xx.o
 .debug_abbrev  0x00000000000008c0       0x12 ./Core/Startup/startup_stm32f103c8tx.o
 .debug_abbrev  0x00000000000008d2      0x201 ./Drivers/STM32F1xx_HAL_Driver/Src/stm32f1xx_hal.o
 .debug_abbrev  0x0000000000000ad3      0x2f8 ./Drivers/STM32F1xx_HAL_Driver/Src/stm32f1xx_hal_cortex.o
 .debug_abbrev  0x0000000000000dcb      0x20b ./Drivers/STM32F1xx_HAL_Driver/Src/stm32f1xx_hal_dma.o
 .debug_abbrev  0x0000000000000fd6      0x1ca ./Drivers/STM32F1xx_HAL_Driver/Src/stm32f1xx_hal_gpio.o
 .debug_abbrev  0x00000000000011a0      0x2b3 ./Drivers/STM32F1xx_HAL_Driver/Src/stm32f1xx_hal_rcc.o
 .debug_abbrev  0x0000000000001453      0x277 ./Drivers/STM32F1xx_HAL_Driver/Src/stm32f1xx_hal_tim.o
 .debug_abbrev  0x00000000000016ca      0x282 ./Drivers/STM32F1xx_HAL_Driver/Src/stm32f1xx_hal_tim_ex.o
 .debug_abbrev  0x000000000000194c      0x2f8 ./Drivers/STM32F1xx_HAL_Driver/Src/stm32f1xx_hal_uart.o
 .debug_abbrev  0x0000000000001c44      0x1ea ./Drivers/freemodbus-port-hal-stm32f1xx-master/Src/mb.o
 .debug_abbrev  0x0000000000001e2e       0x9e ./Drivers/freemodbus-port-hal-stm32f1xx-master/Src/mbcrc.o
 .debug_abbrev  0x0000000000001ecc      0x10a ./Drivers/freemodbus-port-hal-stm32f1xx-master/Src/mbfunccoils.o
 .debug_abbrev  0x0000000000001fd6       0xda ./Drivers/freemodbus-port-hal-stm32f1xx-master/Src/mbfuncdisc.o
 .debug_abbrev  0x00000000000020b0       0xf8 ./Drivers/freemodbus-port-hal-stm32f1xx-master/Src/mbfuncholding.o
 .debug_abbrev  0x00000000000021a8       0xda ./Drivers/freemodbus-port-hal-stm32f1xx-master/Src/mbfuncinput.o
 .debug_abbrev  0x0000000000002282      0x103 ./Drivers/freemodbus-port-hal-stm32f1xx-master/Src/mbfuncother.o
 .debug_abbrev  0x0000000000002385      0x1ae ./Drivers/freemodbus-port-hal-stm32f1xx-master/Src/mbrtu.o
 .debug_abbrev  0x0000000000002533      0x108 ./Drivers/freemodbus-port-hal-stm32f1xx-master/Src/mbutils.o
 .debug_abbrev  0x000000000000263b       0x8f ./Drivers/freemodbus-port-hal-stm32f1xx-master/Src/port.o
 .debug_abbrev  0x00000000000026ca       0xbe ./Drivers/freemodbus-port-hal-stm32f1xx-master/Src/portevent.o
 .debug_abbrev  0x0000000000002788      0x213 ./Drivers/freemodbus-port-hal-stm32f1xx-master/Src/portserial.o
 .debug_abbrev  0x000000000000299b      0x1e5 ./Drivers/freemodbus-port-hal-stm32f1xx-master/Src/porttimer.o

.debug_aranges  0x0000000000000000      0xf50
 .debug_aranges
                0x0000000000000000       0x68 ./Core/Src/main.o
 .debug_aranges
                0x0000000000000068       0x40 ./Core/Src/stm32f1xx_hal_msp.o
 .debug_aranges
                0x00000000000000a8       0x60 ./Core/Src/stm32f1xx_it.o
 .debug_aranges
                0x0000000000000108       0xa8 ./Core/Src/syscalls.o
 .debug_aranges
                0x00000000000001b0       0x20 ./Core/Src/sysmem.o
 .debug_aranges
                0x00000000000001d0       0x28 ./Core/Src/system_stm32f1xx.o
 .debug_aranges
                0x00000000000001f8       0x28 ./Core/Startup/startup_stm32f103c8tx.o
 .debug_aranges
                0x0000000000000220       0xe0 ./Drivers/STM32F1xx_HAL_Driver/Src/stm32f1xx_hal.o
 .debug_aranges
                0x0000000000000300      0x100 ./Drivers/STM32F1xx_HAL_Driver/Src/stm32f1xx_hal_cortex.o
 .debug_aranges
                0x0000000000000400       0x80 ./Drivers/STM32F1xx_HAL_Driver/Src/stm32f1xx_hal_dma.o
 .debug_aranges
                0x0000000000000480       0x58 ./Drivers/STM32F1xx_HAL_Driver/Src/stm32f1xx_hal_gpio.o
 .debug_aranges
                0x00000000000004d8       0x90 ./Drivers/STM32F1xx_HAL_Driver/Src/stm32f1xx_hal_rcc.o
 .debug_aranges
                0x0000000000000568      0x3d0 ./Drivers/STM32F1xx_HAL_Driver/Src/stm32f1xx_hal_tim.o
 .debug_aranges
                0x0000000000000938      0x168 ./Drivers/STM32F1xx_HAL_Driver/Src/stm32f1xx_hal_tim_ex.o
 .debug_aranges
                0x0000000000000aa0      0x208 ./Drivers/STM32F1xx_HAL_Driver/Src/stm32f1xx_hal_uart.o
 .debug_aranges
                0x0000000000000ca8       0x48 ./Drivers/freemodbus-port-hal-stm32f1xx-master/Src/mb.o
 .debug_aranges
                0x0000000000000cf0       0x20 ./Drivers/freemodbus-port-hal-stm32f1xx-master/Src/mbcrc.o
 .debug_aranges
                0x0000000000000d10       0x30 ./Drivers/freemodbus-port-hal-stm32f1xx-master/Src/mbfunccoils.o
 .debug_aranges