../Core/Src/main.c:79:5:main	72	static
../Core/Src/main.c:167:6:SystemClock_Config	72	static
../Core/Src/main.c:204:13:MX_TIM3_Init	32	static
../Core/Src/main.c:249:13:MX_USART1_UART_Init	8	static
../Core/Src/main.c:282:13:MX_GPIO_Init	32	static
../Core/Src/main.c:313:1:eMBRegInputCB	24	static
../Core/Src/main.c:339:1:eMBRegHoldingCB	32	static
../Core/Src/main.c:382:1:eMBRegCoilsCB	24	static
../Core/Src/main.c:388:1:eMBRegDiscreteCB	16	static
../Core/Src/main.c:399:6:Error_Handler	4	static,ignoring_inline_asm
