../Core/Src/main.c:79:5:main	72	static
../Core/Src/main.c:163:6:SystemClock_Config	72	static
../Core/Src/main.c:200:13:MX_TIM3_Init	32	static
../Core/Src/main.c:245:13:MX_USART1_UART_Init	8	static
../Core/Src/main.c:278:13:MX_GPIO_Init	32	static
../Core/Src/main.c:309:1:eMBRegInputCB	24	static
../Core/Src/main.c:335:1:eMBRegHoldingCB	32	static
../Core/Src/main.c:378:1:eMBRegCoilsCB	24	static
../Core/Src/main.c:384:1:eMBRegDiscreteCB	16	static
../Core/Src/main.c:395:6:Error_Handler	4	static,ignoring_inline_asm
