../Core/Src/main.c:79:5:main	16	static
../Core/Src/main.c:127:6:SystemClock_Config	72	static
../Core/Src/main.c:164:13:MX_TIM3_Init	32	static
../Core/Src/main.c:209:13:MX_USART1_UART_Init	8	static
../Core/Src/main.c:242:13:MX_GPIO_Init	32	static
../Core/Src/main.c:267:1:eMBRegInputCB	24	static
../Core/Src/main.c:293:1:eMBRegHoldingCB	32	static
../Core/Src/main.c:336:1:eMBRegCoilsCB	24	static
../Core/Src/main.c:342:1:eMBRegDiscreteCB	16	static
../Core/Src/main.c:353:6:Error_Handler	4	static,ignoring_inline_asm
