../Drivers/freemodbus-port-hal-stm32f1xx-master/Src/mbrtu.c:80:1:eMBRTUInit	24	static
../Drivers/freemodbus-port-hal-stm32f1xx-master/Src/mbrtu.c:125:1:eMBRTUStart	8	static
../Drivers/freemodbus-port-hal-stm32f1xx-master/Src/mbrtu.c:141:1:eMBRTUStop	8	static
../Drivers/freemodbus-port-hal-stm32f1xx-master/Src/mbrtu.c:150:1:eMBRTUReceive	32	static
../Drivers/freemodbus-port-hal-stm32f1xx-master/Src/mbrtu.c:186:1:eMBRTUSend	24	static
../Drivers/freemodbus-port-hal-stm32f1xx-master/Src/mbrtu.c:224:1:xMBRTUReceiveFSM	16	static
../Drivers/freemodbus-port-hal-stm32f1xx-master/Src/mbrtu.c:284:1:xMBRTUTransmitFSM	16	static
../Drivers/freemodbus-port-hal-stm32f1xx-master/Src/mbrtu.c:322:1:xMBRTUTimerT35Expired	16	static
